******************************************************************************
            TI ARM Clang Linker PC v4.0.4                      
******************************************************************************
>> Linked Mon Jul 27 04:54:47 2026

OUTPUT FILE NAME:   <wheels.out>
ENTRY POINT SYMBOL: "_c_int00_noargs"  address: 0000116d


MEMORY CONFIGURATION

         name            origin    length      used     unused   attr    fill
----------------------  --------  ---------  --------  --------  ----  --------
  FLASH                 00000000   00020000  00001850  0001e7b0  R  X
  SRAM                  20200000   00008000  000003a0  00007c60  RW X
  BCR_CONFIG            41c00000   000000ff  00000000  000000ff  R   
  BSL_CONFIG            41c00100   00000080  00000000  00000080  R   


SEGMENT ALLOCATION MAP

run origin  load origin   length   init length attrs members
----------  ----------- ---------- ----------- ----- -------
00000000    00000000    00001850   00001850    r-x
  00000000    00000000    000000c0   000000c0    r-- .intvecs
  000000c0    000000c0    00001708   00001708    r-x .text
  000017c8    000017c8    00000058   00000058    r-- .rodata
  00001820    00001820    00000030   00000030    r-- .cinit
20200000    20200000    000001a0   00000000    rw-
  20200000    20200000    00000168   00000000    rw- .bss
  20200168    20200168    00000038   00000000    rw- .data
20207e00    20207e00    00000200   00000000    rw-
  20207e00    20207e00    00000200   00000000    rw- .stack


SECTION ALLOCATION MAP

 output                                  attributes/
section   page    origin      length       input sections
--------  ----  ----------  ----------   ----------------
.intvecs   0    00000000    000000c0     
                  00000000    000000c0     startup_mspm0g350x_ticlang.o (.intvecs)

.text      0    000000c0    00001708     
                  000000c0    00000288     ti_msp_dl_config.o (.text.SYSCFG_DL_GPIO_init)
                  00000348    00000170     key.o (.text.key_pressed)
                  000004b8    0000011c     key.o (.text.key_test)
                  000005d4    00000104     driverlib.a : dl_timer.o (.text.DL_Timer_initFourCCPWMMode)
                  000006d8    000000fc                 : dl_timer.o (.text.DL_Timer_initTimerMode)
                  000007d4    000000c4     ti_msp_dl_config.o (.text.SYSCFG_DL_initPower)
                  00000898    000000a0     main.o (.text.patrol_test)
                  00000938    00000090     ti_msp_dl_config.o (.text.SYSCFG_DL_PWM_motor_init)
                  000009c8    00000084     ti_msp_dl_config.o (.text.__NVIC_SetPriority)
                  00000a4c    0000007c     libc.a : copy_decompress_lzss.c.obj (.text:decompress:lzss)
                  00000ac8    00000068     ti_msp_dl_config.o (.text.SYSCFG_DL_PWM_servo_init)
                  00000b30    00000058     main.o (.text.beeper_test)
                  00000b88    00000054     ti_msp_dl_config.o (.text.SYSCFG_DL_init)
                  00000bdc    00000050     ti_msp_dl_config.o (.text.DL_GPIO_initPeripheralInputFunctionFeatures)
                  00000c2c    00000050     ti_msp_dl_config.o (.text.SysTick_Config)
                  00000c7c    0000004c     ti_msp_dl_config.o (.text.DL_GPIO_enableEvents)
                  00000cc8    0000004c     ti_msp_dl_config.o (.text.DL_GPIO_initDigitalInputFeatures)
                  00000d14    0000004c     ti_msp_dl_config.o (.text.DL_UART_setBaudRateDivisor)
                  00000d60    00000048     driverlib.a : dl_uart.o (.text.DL_UART_init)
                  00000da8    00000048     ti_msp_dl_config.o (.text.SYSCFG_DL_UART_0_init)
                  00000df0    00000048     gFunc.o (.text.UART0_IRQHandler)
                  00000e38    00000044     driverlib.a : dl_spi.o (.text.DL_SPI_init)
                  00000e7c    00000044     main.o (.text.led_test)
                  00000ec0    00000040     ti_msp_dl_config.o (.text.SYSCFG_DL_SPI_0_init)
                  00000f00    00000040     ti_msp_dl_config.o (.text.SYSCFG_DL_UART_1_init)
                  00000f40    00000040     main.o (.text.main)
                  00000f80    0000003c     ti_msp_dl_config.o (.text.DL_Timer_setCounterControl)
                  00000fbc    0000003c     libc.a : autoinit.c.obj (.text:__TI_auto_init_nobinit_nopinit)
                  00000ff8    00000038     ti_msp_dl_config.o (.text.DL_GPIO_setPublisherChanID)
                  00001030    00000034     ti_msp_dl_config.o (.text.SYSCFG_DL_TIMER_0_init)
                  00001064    00000030     ti_msp_dl_config.o (.text.DL_SPI_setFIFOThreshold)
                  00001094    0000002c     ti_msp_dl_config.o (.text.SYSCFG_DL_I2C_0_init)
                  000010c0    0000002c     ti_msp_dl_config.o (.text.SYSCFG_DL_I2C_MPU6050_init)
                  000010ec    0000002c     main.o (.text.__NVIC_ClearPendingIRQ)
                  00001118    0000002c     main.o (.text.__NVIC_EnableIRQ)
                  00001144    00000028     ti_msp_dl_config.o (.text.DL_Common_updateReg)
                  0000116c    00000028     libc.a : boot_cortex_m.c.obj (.text:_c_int00_noargs)
                  00001194    00000026     ti_msp_dl_config.o (.text.DL_I2C_setAnalogGlitchFilterPulseWidth)
                  000011ba    00000026     driverlib.a : dl_i2c.o (.text.DL_I2C_setClockConfig)
                  000011e0    00000024     ti_msp_dl_config.o (.text.DL_SPI_setBitRateSerialClockDivider)
                  00001204    00000020     ti_msp_dl_config.o (.text.DL_GPIO_initPeripheralInputFunction)
                  00001224    0000001e     ti_msp_dl_config.o (.text.DL_UART_setOversampling)
                  00001242    0000001e     ti_msp_dl_config.o (.text.SYSCFG_DL_SYSCTL_init)
                  00001260    0000001c     ti_msp_dl_config.o (.text.DL_GPIO_clearInterruptStatus)
                  0000127c    0000001c     ti_msp_dl_config.o (.text.DL_GPIO_enableHiZ)
                  00001298    0000001c     ti_msp_dl_config.o (.text.DL_GPIO_enableInterrupt)
                  000012b4    0000001c     ti_msp_dl_config.o (.text.DL_GPIO_initPeripheralOutputFunction)
                  000012d0    0000001c     ti_msp_dl_config.o (.text.DL_GPIO_setLowerPinsInputFilter)
                  000012ec    0000001c     ti_msp_dl_config.o (.text.DL_GPIO_setLowerPinsPolarity)
                  00001308    0000001c     ti_msp_dl_config.o (.text.DL_GPIO_setUpperPinsInputFilter)
                  00001324    0000001c     ti_msp_dl_config.o (.text.DL_SYSCTL_setSYSOSCFreq)
                  00001340    0000001c     ti_msp_dl_config.o (.text.DL_Timer_enableInterrupt)
                  0000135c    0000001c     driverlib.a : dl_timer.o (.text.DL_Timer_setCaptCompUpdateMethod)
                  00001378    0000001c                 : dl_timer.o (.text.DL_Timer_setClockConfig)
                  00001394    0000001c     ti_msp_dl_config.o (.text.DL_UART_enableInterrupt)
                  000013b0    00000018     ti_msp_dl_config.o (.text.DL_GPIO_enableOutput)
                  000013c8    00000018     ti_msp_dl_config.o (.text.DL_GPIO_enablePower)
                  000013e0    00000018     ti_msp_dl_config.o (.text.DL_GPIO_initDigitalOutput)
                  000013f8    00000018     ti_msp_dl_config.o (.text.DL_GPIO_reset)
                  00001410    00000018     key.o (.text.DL_GPIO_setPins)
                  00001428    00000018     main.o (.text.DL_GPIO_setPins)
                  00001440    00000018     gFunc.o (.text.DL_GPIO_togglePins)
                  00001458    00000018     key.o (.text.DL_GPIO_togglePins)
                  00001470    00000018     main.o (.text.DL_GPIO_togglePins)
                  00001488    00000018     ti_msp_dl_config.o (.text.DL_I2C_enableAnalogGlitchFilter)
                  000014a0    00000018     ti_msp_dl_config.o (.text.DL_I2C_enablePower)
                  000014b8    00000018     ti_msp_dl_config.o (.text.DL_I2C_reset)
                  000014d0    00000018     ti_msp_dl_config.o (.text.DL_SPI_enable)
                  000014e8    00000018     ti_msp_dl_config.o (.text.DL_SPI_enablePower)
                  00001500    00000018     ti_msp_dl_config.o (.text.DL_SPI_reset)
                  00001518    00000018     ti_msp_dl_config.o (.text.DL_SYSCTL_setBORThreshold)
                  00001530    00000018     ti_msp_dl_config.o (.text.DL_Timer_enablePower)
                  00001548    00000018     ti_msp_dl_config.o (.text.DL_Timer_reset)
                  00001560    00000018     driverlib.a : dl_timer.o (.text.DL_Timer_setCaptureCompareOutCtl)
                  00001578    00000018     main.o (.text.DL_Timer_startCounter)
                  00001590    00000018     ti_msp_dl_config.o (.text.DL_UART_enablePower)
                  000015a8    00000018     ti_msp_dl_config.o (.text.DL_UART_reset)
                  000015c0    00000016     key.o (.text.DL_GPIO_readPins)
                  000015d6    00000016     main.o (.text.DL_GPIO_readPins)
                  000015ec    00000016     ti_msp_dl_config.o (.text.DL_UART_enable)
                  00001602    00000016     gFunc.o (.text.DL_UART_transmitData)
                  00001618    00000016     libc.a : copy_zero_init.c.obj (.text:decompress:ZI:__TI_zero_init_nomemset)
                  0000162e    00000014     key.o (.text.DL_GPIO_clearPins)
                  00001642    00000014     main.o (.text.DL_GPIO_clearPins)
                  00001656    00000014     ti_msp_dl_config.o (.text.DL_GPIO_clearPins)
                  0000166a    00000002     gFunc.o (.text.TIMG6_IRQHandler)
                  0000166c    00000014     ti_msp_dl_config.o (.text.DL_SYSCTL_disableSYSPLL)
                  00001680    00000014     ti_msp_dl_config.o (.text.DL_Timer_enableClock)
                  00001694    00000014     ti_msp_dl_config.o (.text.DL_Timer_setCCPDirection)
                  000016a8    00000014     gFunc.o (.text.DL_UART_receiveData)
                  000016bc    00000014     key.o (.text.led_off)
                  000016d0    00000014     key.o (.text.led_on)
                  000016e4    00000014     key.o (.text.led_toggle)
                  000016f8    00000012     driverlib.a : dl_spi.o (.text.DL_SPI_setClockConfig)
                  0000170a    00000012     gFunc.o (.text.DL_UART_getPendingInterrupt)
                  0000171c    00000012     driverlib.a : dl_uart.o (.text.DL_UART_setClockConfig)
                  0000172e    00000012     libc.a : memcpy16.S.obj (.text:TI_memcpy_small)
                  00001740    00000012            : copy_decompress_none.c.obj (.text:decompress:none)
                  00001752    00000002     --HOLE-- [fill = 0]
                  00001754    00000010     ti_msp_dl_config.o (.text.DL_SYSCTL_disableHFXT)
                  00001764    00000010     driverlib.a : dl_timer.o (.text.DL_Timer_setCaptureCompareValue)
                  00001774    00000010     gFunc.o (.text.SysTick_Handler)
                  00001784    0000000c     ti_msp_dl_config.o (.text.SYSCFG_DL_SYSTICK_init)
                  00001790    0000000c     gFunc.o (.text.millis)
                  0000179c    0000000a     driverlib.a : dl_common.o (.text.DL_Common_delayCycles)
                  000017a6    00000002     --HOLE-- [fill = 0]
                  000017a8    00000008     libclang_rt.builtins.a : aeabi_memcpy.S.obj (.text.__aeabi_memcpy)
                  000017b0    00000006     libc.a : exit.c.obj (.text:abort)
                  000017b6    00000004     startup_mspm0g350x_ticlang.o (.text.Default_Handler)
                  000017ba    00000004     libsysbm.a : hostexit.c.obj (.text.HOSTexit)
                  000017be    00000004     startup_mspm0g350x_ticlang.o (.text.Reset_Handler)
                  000017c2    00000004     libc.a : pre_init.c.obj (.text._system_pre_init)
                  000017c6    00000002     --HOLE-- [fill = 0]

.cinit     0    00001820    00000030     
                  00001820    0000000c     (__TI_handler_table)
                  0000182c    00000008     (.cinit..bss.load) [load image, compression = zero_init]
                  00001834    00000008     (.cinit..data.load) [load image, compression = lzss]
                  0000183c    00000010     (__TI_cinit_table)
                  0000184c    00000004     --HOLE-- [fill = 0]

.rodata    0    000017c8    00000058     
                  000017c8    00000014     ti_msp_dl_config.o (.rodata.gTIMER_0TimerConfig)
                  000017dc    0000000a     ti_msp_dl_config.o (.rodata.gSPI_0_config)
                  000017e6    0000000a     ti_msp_dl_config.o (.rodata.gUART_0Config)
                  000017f0    0000000a     ti_msp_dl_config.o (.rodata.gUART_1Config)
                  000017fa    00000002     ti_msp_dl_config.o (.rodata.gI2C_0ClockConfig)
                  000017fc    00000008     ti_msp_dl_config.o (.rodata.gPWM_motorConfig)
                  00001804    00000008     ti_msp_dl_config.o (.rodata.gPWM_servoConfig)
                  0000180c    00000003     ti_msp_dl_config.o (.rodata.gPWM_motorClockConfig)
                  0000180f    00000003     ti_msp_dl_config.o (.rodata.gPWM_servoClockConfig)
                  00001812    00000003     ti_msp_dl_config.o (.rodata.gTIMER_0ClockConfig)
                  00001815    00000002     ti_msp_dl_config.o (.rodata.gI2C_MPU6050ClockConfig)
                  00001817    00000002     ti_msp_dl_config.o (.rodata.gSPI_0_clockConfig)
                  00001819    00000002     ti_msp_dl_config.o (.rodata.gUART_0ClockConfig)
                  0000181b    00000002     ti_msp_dl_config.o (.rodata.gUART_1ClockConfig)
                  0000181d    00000003     --HOLE-- [fill = 0]

.init_array 
*          0    00000000    00000000     UNINITIALIZED

.binit     0    00000000    00000000     

.bss       0    20200000    00000168     UNINITIALIZED
                  20200000    000000a0     (.common:gPWM_servoBackup)
                  202000a0    000000a0     (.common:gTIMER_0Backup)
                  20200140    00000028     (.common:gSPI_0Backup)

.data      0    20200168    00000038     UNINITIALIZED
                  20200168    00000014     key.o (.data.key_pressed.last_time)
                  2020017c    00000005     key.o (.data.key_pressed.debounced_state)
                  20200181    00000005     key.o (.data.key_pressed.last_raw_state)
                  20200186    00000005     key.o (.data.key_pressed.reported_pressed)
                  2020018b    00000001     key.o (.data.gLedMode)
                  2020018c    00000004     main.o (.data.beeper_test.last_time)
                  20200190    00000004     key.o (.data.gBlinkLastTime)
                  20200194    00000004     gFunc.o (.data.gMillis)
                  20200198    00000004     key.o (.data.gStartTime)
                  2020019c    00000004     main.o (.data.led_test.last_time)

.stack     0    20207e00    00000200     UNINITIALIZED
                  20207e00    00000004     libc.a : boot_cortex_m.c.obj (.stack)
                  20207e04    000001fc     --HOLE--

__llvm_prf_cnts 
*          0    20200000    00000000     UNINITIALIZED

__llvm_prf_bits 
*          0    20200000    00000000     UNINITIALIZED

MODULE SUMMARY

       Module                         code   ro data   rw data
       ------                         ----   -------   -------
    .\
       ti_msp_dl_config.o             3176   85        360    
       main.o                         582    0         8      
       startup_mspm0g350x_ticlang.o   8      192       0      
    +--+------------------------------+------+---------+---------+
       Total:                         3766   277       368    
                                                              
    .\Drivers\
       key.o                          802    0         44     
       gFunc.o                        186    0         4      
    +--+------------------------------+------+---------+---------+
       Total:                         988    0         48     
                                                              
    C:/TI/mspm0_sdk_2_11_00_07/source/ti/driverlib/lib/ticlang/m0p/mspm0g1x0x_g3x0x/driverlib.a
       dl_timer.o                     608    0         0      
       dl_uart.o                      90     0         0      
       dl_spi.o                       86     0         0      
       dl_i2c.o                       38     0         0      
       dl_common.o                    10     0         0      
    +--+------------------------------+------+---------+---------+
       Total:                         832    0         0      
                                                              
    D:\ti\ccs2050\ccs\tools\compiler\ti-cgt-armllvm_4.0.4.LTS\lib\armv6m-ti-none-eabi/c/libc.a
       copy_decompress_lzss.c.obj     124    0         0      
       autoinit.c.obj                 60     0         0      
       boot_cortex_m.c.obj            40     0         0      
       copy_zero_init.c.obj           22     0         0      
       copy_decompress_none.c.obj     18     0         0      
       memcpy16.S.obj                 18     0         0      
       exit.c.obj                     6      0         0      
       pre_init.c.obj                 4      0         0      
    +--+------------------------------+------+---------+---------+
       Total:                         292    0         0      
                                                              
    D:\ti\ccs2050\ccs\tools\compiler\ti-cgt-armllvm_4.0.4.LTS\lib\armv6m-ti-none-eabi/c/libsysbm.a
       hostexit.c.obj                 4      0         0      
    +--+------------------------------+------+---------+---------+
       Total:                         4      0         0      
                                                              
    D:\ti\ccs2050\ccs\tools\compiler\ti-cgt-armllvm_4.0.4.LTS\lib\armv6m-ti-none-eabi/libclang_rt.builtins.a
       aeabi_memcpy.S.obj             8      0         0      
    +--+------------------------------+------+---------+---------+
       Total:                         8      0         0      
                                                              
       Stack:                         0      0         512    
       Linker Generated:              0      44        0      
    +--+------------------------------+------+---------+---------+
       Grand Total:                   5890   321       928    


LINKER GENERATED COPY TABLES

__TI_cinit_table @ 0000183c records: 2, size/record: 8, table size: 16
	.bss: load addr=0000182c, load size=00000008 bytes, run addr=20200000, run size=00000168 bytes, compression=zero_init
	.data: load addr=00001834, load size=00000008 bytes, run addr=20200168, run size=00000038 bytes, compression=lzss


LINKER GENERATED HANDLER TABLE

__TI_handler_table @ 00001820 records: 3, size/record: 4, table size: 12
	index: 0, handler: __TI_decompress_lzss
	index: 1, handler: __TI_decompress_none
	index: 2, handler: __TI_zero_init


GLOBAL SYMBOLS: SORTED ALPHABETICALLY BY Name 

address   name                            
-------   ----                            
000017b7  ADC0_IRQHandler                 
000017b7  ADC1_IRQHandler                 
000017b7  AES_IRQHandler                  
000017ba  C$$EXIT                         
000017b7  CANFD0_IRQHandler               
000017b7  DAC0_IRQHandler                 
0000179d  DL_Common_delayCycles           
000011bb  DL_I2C_setClockConfig           
00000e39  DL_SPI_init                     
000016f9  DL_SPI_setClockConfig           
000005d5  DL_Timer_initFourCCPWMMode      
000006d9  DL_Timer_initTimerMode          
0000135d  DL_Timer_setCaptCompUpdateMethod
00001561  DL_Timer_setCaptureCompareOutCtl
00001765  DL_Timer_setCaptureCompareValue 
00001379  DL_Timer_setClockConfig         
00000d61  DL_UART_init                    
0000171d  DL_UART_setClockConfig          
000017b7  DMA_IRQHandler                  
000017b7  Default_Handler                 
000017b7  GROUP0_IRQHandler               
000017b7  GROUP1_IRQHandler               
000017bb  HOSTexit                        
000017b7  HardFault_Handler               
000017b7  I2C0_IRQHandler                 
000017b7  I2C1_IRQHandler                 
000017b7  NMI_Handler                     
000017b7  PendSV_Handler                  
000017b7  RTC_IRQHandler                  
000017bf  Reset_Handler                   
000017b7  SPI0_IRQHandler                 
000017b7  SPI1_IRQHandler                 
000017b7  SVC_Handler                     
000000c1  SYSCFG_DL_GPIO_init             
00001095  SYSCFG_DL_I2C_0_init            
000010c1  SYSCFG_DL_I2C_MPU6050_init      
00000939  SYSCFG_DL_PWM_motor_init        
00000ac9  SYSCFG_DL_PWM_servo_init        
00000ec1  SYSCFG_DL_SPI_0_init            
00001243  SYSCFG_DL_SYSCTL_init           
00001785  SYSCFG_DL_SYSTICK_init          
00001031  SYSCFG_DL_TIMER_0_init          
00000da9  SYSCFG_DL_UART_0_init           
00000f01  SYSCFG_DL_UART_1_init           
00000b89  SYSCFG_DL_init                  
000007d5  SYSCFG_DL_initPower             
00001775  SysTick_Handler                 
000017b7  TIMA0_IRQHandler                
000017b7  TIMA1_IRQHandler                
000017b7  TIMG0_IRQHandler                
000017b7  TIMG12_IRQHandler               
0000166b  TIMG6_IRQHandler                
000017b7  TIMG7_IRQHandler                
000017b7  TIMG8_IRQHandler                
0000172f  TI_memcpy_small                 
00000df1  UART0_IRQHandler                
000017b7  UART1_IRQHandler                
000017b7  UART2_IRQHandler                
000017b7  UART3_IRQHandler                
20208000  __STACK_END                     
00000200  __STACK_SIZE                    
00000000  __TI_ATRegion0_region_sz        
00000000  __TI_ATRegion0_src_addr         
00000000  __TI_ATRegion0_trg_addr         
00000000  __TI_ATRegion1_region_sz        
00000000  __TI_ATRegion1_src_addr         
00000000  __TI_ATRegion1_trg_addr         
00000000  __TI_ATRegion2_region_sz        
00000000  __TI_ATRegion2_src_addr         
00000000  __TI_ATRegion2_trg_addr         
0000183c  __TI_CINIT_Base                 
0000184c  __TI_CINIT_Limit                
0000184c  __TI_CINIT_Warm                 
00001820  __TI_Handler_Table_Base         
0000182c  __TI_Handler_Table_Limit        
00000fbd  __TI_auto_init_nobinit_nopinit  
00000a4d  __TI_decompress_lzss            
00001741  __TI_decompress_none            
ffffffff  __TI_pprof_out_hndl             
ffffffff  __TI_prof_data_size             
ffffffff  __TI_prof_data_start            
00000000  __TI_static_base__              
00001619  __TI_zero_init_nomemset         
000017a9  __aeabi_memcpy                  
000017a9  __aeabi_memcpy4                 
000017a9  __aeabi_memcpy8                 
ffffffff  __binit__                       
UNDEFED   __mpu_init                      
20207e00  __stack                         
20200000  __start___llvm_prf_bits         
20200000  __start___llvm_prf_cnts         
20200000  __stop___llvm_prf_bits          
20200000  __stop___llvm_prf_cnts          
0000116d  _c_int00_noargs                 
UNDEFED   _system_post_cinit              
000017c3  _system_pre_init                
000017b1  abort                           
00000b31  beeper_test                     
ffffffff  binit                           
20200194  gMillis                         
20200000  gPWM_servoBackup                
20200140  gSPI_0Backup                    
202000a0  gTIMER_0Backup                  
00000000  interruptVectors                
00000349  key_pressed                     
000004b9  key_test                        
00000e7d  led_test                        
00000f41  main                            
00001791  millis                          
00000899  patrol_test                     


GLOBAL SYMBOLS: SORTED BY Symbol Address 

address   name                            
-------   ----                            
00000000  __TI_ATRegion0_region_sz        
00000000  __TI_ATRegion0_src_addr         
00000000  __TI_ATRegion0_trg_addr         
00000000  __TI_ATRegion1_region_sz        
00000000  __TI_ATRegion1_src_addr         
00000000  __TI_ATRegion1_trg_addr         
00000000  __TI_ATRegion2_region_sz        
00000000  __TI_ATRegion2_src_addr         
00000000  __TI_ATRegion2_trg_addr         
00000000  __TI_static_base__              
00000000  interruptVectors                
000000c1  SYSCFG_DL_GPIO_init             
00000200  __STACK_SIZE                    
00000349  key_pressed                     
000004b9  key_test                        
000005d5  DL_Timer_initFourCCPWMMode      
000006d9  DL_Timer_initTimerMode          
000007d5  SYSCFG_DL_initPower             
00000899  patrol_test                     
00000939  SYSCFG_DL_PWM_motor_init        
00000a4d  __TI_decompress_lzss            
00000ac9  SYSCFG_DL_PWM_servo_init        
00000b31  beeper_test                     
00000b89  SYSCFG_DL_init                  
00000d61  DL_UART_init                    
00000da9  SYSCFG_DL_UART_0_init           
00000df1  UART0_IRQHandler                
00000e39  DL_SPI_init                     
00000e7d  led_test                        
00000ec1  SYSCFG_DL_SPI_0_init            
00000f01  SYSCFG_DL_UART_1_init           
00000f41  main                            
00000fbd  __TI_auto_init_nobinit_nopinit  
00001031  SYSCFG_DL_TIMER_0_init          
00001095  SYSCFG_DL_I2C_0_init            
000010c1  SYSCFG_DL_I2C_MPU6050_init      
0000116d  _c_int00_noargs                 
000011bb  DL_I2C_setClockConfig           
00001243  SYSCFG_DL_SYSCTL_init           
0000135d  DL_Timer_setCaptCompUpdateMethod
00001379  DL_Timer_setClockConfig         
00001561  DL_Timer_setCaptureCompareOutCtl
00001619  __TI_zero_init_nomemset         
0000166b  TIMG6_IRQHandler                
000016f9  DL_SPI_setClockConfig           
0000171d  DL_UART_setClockConfig          
0000172f  TI_memcpy_small                 
00001741  __TI_decompress_none            
00001765  DL_Timer_setCaptureCompareValue 
00001775  SysTick_Handler                 
00001785  SYSCFG_DL_SYSTICK_init          
00001791  millis                          
0000179d  DL_Common_delayCycles           
000017a9  __aeabi_memcpy                  
000017a9  __aeabi_memcpy4                 
000017a9  __aeabi_memcpy8                 
000017b1  abort                           
000017b7  ADC0_IRQHandler                 
000017b7  ADC1_IRQHandler                 
000017b7  AES_IRQHandler                  
000017b7  CANFD0_IRQHandler               
000017b7  DAC0_IRQHandler                 
000017b7  DMA_IRQHandler                  
000017b7  Default_Handler                 
000017b7  GROUP0_IRQHandler               
000017b7  GROUP1_IRQHandler               
000017b7  HardFault_Handler               
000017b7  I2C0_IRQHandler                 
000017b7  I2C1_IRQHandler                 
000017b7  NMI_Handler                     
000017b7  PendSV_Handler                  
000017b7  RTC_IRQHandler                  
000017b7  SPI0_IRQHandler                 
000017b7  SPI1_IRQHandler                 
000017b7  SVC_Handler                     
000017b7  TIMA0_IRQHandler                
000017b7  TIMA1_IRQHandler                
000017b7  TIMG0_IRQHandler                
000017b7  TIMG12_IRQHandler               
000017b7  TIMG7_IRQHandler                
000017b7  TIMG8_IRQHandler                
000017b7  UART1_IRQHandler                
000017b7  UART2_IRQHandler                
000017b7  UART3_IRQHandler                
000017ba  C$$EXIT                         
000017bb  HOSTexit                        
000017bf  Reset_Handler                   
000017c3  _system_pre_init                
00001820  __TI_Handler_Table_Base         
0000182c  __TI_Handler_Table_Limit        
0000183c  __TI_CINIT_Base                 
0000184c  __TI_CINIT_Limit                
0000184c  __TI_CINIT_Warm                 
20200000  __start___llvm_prf_bits         
20200000  __start___llvm_prf_cnts         
20200000  __stop___llvm_prf_bits          
20200000  __stop___llvm_prf_cnts          
20200000  gPWM_servoBackup                
202000a0  gTIMER_0Backup                  
20200140  gSPI_0Backup                    
20200194  gMillis                         
20207e00  __stack                         
20208000  __STACK_END                     
ffffffff  __TI_pprof_out_hndl             
ffffffff  __TI_prof_data_size             
ffffffff  __TI_prof_data_start            
ffffffff  __binit__                       
ffffffff  binit                           
UNDEFED   __mpu_init                      
UNDEFED   _system_post_cinit              

[110 symbols]
