<?xml version="1.0" encoding="ISO-8859-1" ?>
<link_info>
   <banner>TI ARM Clang Linker PC v4.0.4.LTS</banner>
   <copyright>Copyright (c) 1996-2018 Texas Instruments Incorporated</copyright>
   <command_line>D:\ti\ccs2050\ccs\tools\compiler\ti-cgt-armllvm_4.0.4.LTS\bin\tiarmlnk -ID:\ti\ccs2050\ccs\tools\compiler\ti-cgt-armllvm_4.0.4.LTS\lib -o wheels.out -mwheels.map -iC:/TI/mspm0_sdk_2_11_00_07/source -iD:/document/mspm0Project/wheels -iD:/document/mspm0Project/wheels/Debug/syscfg -iD:/ti/ccs2050/ccs/tools/compiler/ti-cgt-armllvm_4.0.4.LTS/lib --diag_wrap=off --display_error_number --warn_sections --xml_link_info=wheels_linkInfo.xml --rom_model ./main.o ./ti_msp_dl_config.o ./startup_mspm0g350x_ticlang.o ./Drivers/encoder.o ./Drivers/gFunc.o ./Drivers/key.o ./Drivers/uart.o -l./device_linker.cmd -ldevice.cmd.genlibs -llibc.a --start-group -llibc++.a -llibc++abi.a -llibc.a -llibsys.a -llibsysbm.a -llibclang_rt.builtins.a -llibclang_rt.profile.a --end-group --cg_opt_level=0</command_line>
   <link_time>0x6a667417</link_time>
   <link_errors>0x0</link_errors>
   <output_file>D:\document\mspm0Project\wheels\Debug\wheels.out</output_file>
   <entry_point>
      <name>_c_int00_noargs</name>
      <address>0x116d</address>
   </entry_point>
   <input_file_list>
      <input_file id="fl-1">
         <path>D:\document\mspm0Project\wheels\Debug\.\</path>
         <kind>object</kind>
         <file>main.o</file>
         <name>main.o</name>
      </input_file>
      <input_file id="fl-2">
         <path>D:\document\mspm0Project\wheels\Debug\.\</path>
         <kind>object</kind>
         <file>ti_msp_dl_config.o</file>
         <name>ti_msp_dl_config.o</name>
      </input_file>
      <input_file id="fl-3">
         <path>D:\document\mspm0Project\wheels\Debug\.\</path>
         <kind>object</kind>
         <file>startup_mspm0g350x_ticlang.o</file>
         <name>startup_mspm0g350x_ticlang.o</name>
      </input_file>
      <input_file id="fl-4">
         <path>D:\document\mspm0Project\wheels\Debug\.\Drivers\</path>
         <kind>object</kind>
         <file>encoder.o</file>
         <name>encoder.o</name>
      </input_file>
      <input_file id="fl-5">
         <path>D:\document\mspm0Project\wheels\Debug\.\Drivers\</path>
         <kind>object</kind>
         <file>gFunc.o</file>
         <name>gFunc.o</name>
      </input_file>
      <input_file id="fl-6">
         <path>D:\document\mspm0Project\wheels\Debug\.\Drivers\</path>
         <kind>object</kind>
         <file>key.o</file>
         <name>key.o</name>
      </input_file>
      <input_file id="fl-7">
         <path>D:\document\mspm0Project\wheels\Debug\.\Drivers\</path>
         <kind>object</kind>
         <file>uart.o</file>
         <name>uart.o</name>
      </input_file>
      <input_file id="fl-14">
         <path>D:\document\mspm0Project\wheels\Debug\</path>
         <kind>object</kind>
         <file>&lt;internal&gt;</file>
         <name>&lt;internal&gt;</name>
      </input_file>
      <input_file id="fl-15">
         <path>C:\TI\mspm0_sdk_2_11_00_07\source\ti\driverlib\lib\ticlang\m0p\mspm0g1x0x_g3x0x\</path>
         <kind>archive</kind>
         <file>driverlib.a</file>
         <name>dl_common.o</name>
      </input_file>
      <input_file id="fl-16">
         <path>C:\TI\mspm0_sdk_2_11_00_07\source\ti\driverlib\lib\ticlang\m0p\mspm0g1x0x_g3x0x\</path>
         <kind>archive</kind>
         <file>driverlib.a</file>
         <name>dl_i2c.o</name>
      </input_file>
      <input_file id="fl-17">
         <path>C:\TI\mspm0_sdk_2_11_00_07\source\ti\driverlib\lib\ticlang\m0p\mspm0g1x0x_g3x0x\</path>
         <kind>archive</kind>
         <file>driverlib.a</file>
         <name>dl_spi.o</name>
      </input_file>
      <input_file id="fl-18">
         <path>C:\TI\mspm0_sdk_2_11_00_07\source\ti\driverlib\lib\ticlang\m0p\mspm0g1x0x_g3x0x\</path>
         <kind>archive</kind>
         <file>driverlib.a</file>
         <name>dl_timer.o</name>
      </input_file>
      <input_file id="fl-19">
         <path>C:\TI\mspm0_sdk_2_11_00_07\source\ti\driverlib\lib\ticlang\m0p\mspm0g1x0x_g3x0x\</path>
         <kind>archive</kind>
         <file>driverlib.a</file>
         <name>dl_uart.o</name>
      </input_file>
      <input_file id="fl-30">
         <path>D:\ti\ccs2050\ccs\tools\compiler\ti-cgt-armllvm_4.0.4.LTS\lib\armv6m-ti-none-eabi\c\</path>
         <kind>archive</kind>
         <file>libc.a</file>
         <name>boot_cortex_m.c.obj</name>
      </input_file>
      <input_file id="fl-31">
         <path>D:\ti\ccs2050\ccs\tools\compiler\ti-cgt-armllvm_4.0.4.LTS\lib\armv6m-ti-none-eabi\c\</path>
         <kind>archive</kind>
         <file>libc.a</file>
         <name>mathacl_init.c.obj</name>
      </input_file>
      <input_file id="fl-32">
         <path>D:\ti\ccs2050\ccs\tools\compiler\ti-cgt-armllvm_4.0.4.LTS\lib\armv6m-ti-none-eabi\c\</path>
         <kind>archive</kind>
         <file>libc.a</file>
         <name>autoinit.c.obj</name>
      </input_file>
      <input_file id="fl-33">
         <path>D:\ti\ccs2050\ccs\tools\compiler\ti-cgt-armllvm_4.0.4.LTS\lib\armv6m-ti-none-eabi\c\</path>
         <kind>archive</kind>
         <file>libc.a</file>
         <name>pre_init.c.obj</name>
      </input_file>
      <input_file id="fl-34">
         <path>D:\ti\ccs2050\ccs\tools\compiler\ti-cgt-armllvm_4.0.4.LTS\lib\armv6m-ti-none-eabi\c\</path>
         <kind>archive</kind>
         <file>libc.a</file>
         <name>cpy_tbl.c.obj</name>
      </input_file>
      <input_file id="fl-35">
         <path>D:\ti\ccs2050\ccs\tools\compiler\ti-cgt-armllvm_4.0.4.LTS\lib\armv6m-ti-none-eabi\c\</path>
         <kind>archive</kind>
         <file>libc.a</file>
         <name>copy_zero_init.c.obj</name>
      </input_file>
      <input_file id="fl-36">
         <path>D:\ti\ccs2050\ccs\tools\compiler\ti-cgt-armllvm_4.0.4.LTS\lib\armv6m-ti-none-eabi\c\</path>
         <kind>archive</kind>
         <file>libc.a</file>
         <name>copy_decompress_none.c.obj</name>
      </input_file>
      <input_file id="fl-37">
         <path>D:\ti\ccs2050\ccs\tools\compiler\ti-cgt-armllvm_4.0.4.LTS\lib\armv6m-ti-none-eabi\c\</path>
         <kind>archive</kind>
         <file>libc.a</file>
         <name>copy_decompress_lzss.c.obj</name>
      </input_file>
      <input_file id="fl-38">
         <path>D:\ti\ccs2050\ccs\tools\compiler\ti-cgt-armllvm_4.0.4.LTS\lib\armv6m-ti-none-eabi\c\</path>
         <kind>archive</kind>
         <file>libc.a</file>
         <name>exit.c.obj</name>
      </input_file>
      <input_file id="fl-39">
         <path>D:\ti\ccs2050\ccs\tools\compiler\ti-cgt-armllvm_4.0.4.LTS\lib\armv6m-ti-none-eabi\c\</path>
         <kind>archive</kind>
         <file>libc.a</file>
         <name>_lock.c.obj</name>
      </input_file>
      <input_file id="fl-3a">
         <path>D:\ti\ccs2050\ccs\tools\compiler\ti-cgt-armllvm_4.0.4.LTS\lib\armv6m-ti-none-eabi\c\</path>
         <kind>archive</kind>
         <file>libc.a</file>
         <name>args_main.c.obj</name>
      </input_file>
      <input_file id="fl-da">
         <path>D:\ti\ccs2050\ccs\tools\compiler\ti-cgt-armllvm_4.0.4.LTS\lib\armv6m-ti-none-eabi\c\</path>
         <kind>archive</kind>
         <file>libsysbm.a</file>
         <name>hostexit.c.obj</name>
      </input_file>
      <input_file id="fl-db">
         <path>D:\ti\ccs2050\ccs\tools\compiler\ti-cgt-armllvm_4.0.4.LTS\lib\armv6m-ti-none-eabi\</path>
         <kind>archive</kind>
         <file>libclang_rt.builtins.a</file>
         <name>aeabi_memcpy.S.obj</name>
      </input_file>
      <input_file id="fl-dc">
         <path>D:\ti\ccs2050\ccs\tools\compiler\ti-cgt-armllvm_4.0.4.LTS\lib\armv6m-ti-none-eabi\</path>
         <kind>archive</kind>
         <file>libclang_rt.builtins.a</file>
         <name>aeabi_memset.S.obj</name>
      </input_file>
      <input_file id="fl-dd">
         <path>D:\ti\ccs2050\ccs\tools\compiler\ti-cgt-armllvm_4.0.4.LTS\lib\armv6m-ti-none-eabi\</path>
         <kind>archive</kind>
         <file>libclang_rt.builtins.a</file>
         <name>aeabi_uidivmod.S.obj</name>
      </input_file>
      <input_file id="fl-de">
         <path>D:\ti\ccs2050\ccs\tools\compiler\ti-cgt-armllvm_4.0.4.LTS\lib\armv6m-ti-none-eabi\</path>
         <kind>archive</kind>
         <file>libclang_rt.builtins.a</file>
         <name>aeabi_div0.c.obj</name>
      </input_file>
      <input_file id="fl-df">
         <path>D:\ti\ccs2050\ccs\tools\compiler\ti-cgt-armllvm_4.0.4.LTS\lib\armv6m-ti-none-eabi\c\</path>
         <kind>archive</kind>
         <file>libc.a</file>
         <name>memcpy16.S.obj</name>
      </input_file>
      <input_file id="fl-e0">
         <path>D:\ti\ccs2050\ccs\tools\compiler\ti-cgt-armllvm_4.0.4.LTS\lib\armv6m-ti-none-eabi\c\</path>
         <kind>archive</kind>
         <file>libc.a</file>
         <name>memset16.S.obj</name>
      </input_file>
   </input_file_list>
   <object_component_list>
      <object_component id="oc-18">
         <name>.intvecs</name>
         <load_address>0x0</load_address>
         <readonly>true</readonly>
         <run_address>0x0</run_address>
         <size>0xc0</size>
         <alignment>0x4</alignment>
         <input_file_ref idref="fl-3"/>
      </object_component>
      <object_component id="oc-bd">
         <name>.text.SYSCFG_DL_GPIO_init</name>
         <load_address>0xc0</load_address>
         <readonly>true</readonly>
         <executable>true</executable>
         <run_address>0xc0</run_address>
         <size>0x288</size>
         <alignment>0x4</alignment>
         <input_file_ref idref="fl-2"/>
      </object_component>
      <object_component id="oc-d8">
         <name>.text.key_pressed</name>
         <load_address>0x348</load_address>
         <readonly>true</readonly>
         <executable>true</executable>
         <run_address>0x348</run_address>
         <size>0x170</size>
         <alignment>0x4</alignment>
         <input_file_ref idref="fl-6"/>
      </object_component>
      <object_component id="oc-95">
         <name>.text.key_test</name>
         <load_address>0x4b8</load_address>
         <readonly>true</readonly>
         <executable>true</executable>
         <run_address>0x4b8</run_address>
         <size>0x11c</size>
         <alignment>0x4</alignment>
         <input_file_ref idref="fl-6"/>
      </object_component>
      <object_component id="oc-116">
         <name>.text.DL_Timer_initFourCCPWMMode</name>
         <load_address>0x5d4</load_address>
         <readonly>true</readonly>
         <executable>true</executable>
         <run_address>0x5d4</run_address>
         <size>0x104</size>
         <alignment>0x4</alignment>
         <input_file_ref idref="fl-18"/>
      </object_component>
      <object_component id="oc-121">
         <name>.text.DL_Timer_initTimerMode</name>
         <load_address>0x6d8</load_address>
         <readonly>true</readonly>
         <executable>true</executable>
         <run_address>0x6d8</run_address>
         <size>0xfc</size>
         <alignment>0x4</alignment>
         <input_file_ref idref="fl-18"/>
      </object_component>
      <object_component id="oc-bc">
         <name>.text.SYSCFG_DL_initPower</name>
         <load_address>0x7d4</load_address>
         <readonly>true</readonly>
         <executable>true</executable>
         <run_address>0x7d4</run_address>
         <size>0xc4</size>
         <alignment>0x4</alignment>
         <input_file_ref idref="fl-2"/>
      </object_component>
      <object_component id="oc-92">
         <name>.text.patrol_test</name>
         <load_address>0x898</load_address>
         <readonly>true</readonly>
         <executable>true</executable>
         <run_address>0x898</run_address>
         <size>0xa0</size>
         <alignment>0x4</alignment>
         <input_file_ref idref="fl-1"/>
      </object_component>
      <object_component id="oc-bf">
         <name>.text.SYSCFG_DL_PWM_motor_init</name>
         <load_address>0x938</load_address>
         <readonly>true</readonly>
         <executable>true</executable>
         <run_address>0x938</run_address>
         <size>0x90</size>
         <alignment>0x4</alignment>
         <input_file_ref idref="fl-2"/>
      </object_component>
      <object_component id="oc-169">
         <name>.text.__NVIC_SetPriority</name>
         <load_address>0x9c8</load_address>
         <readonly>true</readonly>
         <executable>true</executable>
         <run_address>0x9c8</run_address>
         <size>0x84</size>
         <alignment>0x4</alignment>
         <input_file_ref idref="fl-2"/>
      </object_component>
      <object_component id="oc-1c">
         <name>.text:decompress:lzss</name>
         <load_address>0xa4c</load_address>
         <readonly>true</readonly>
         <executable>true</executable>
         <run_address>0xa4c</run_address>
         <size>0x7c</size>
         <alignment>0x4</alignment>
         <input_file_ref idref="fl-37"/>
      </object_component>
      <object_component id="oc-c0">
         <name>.text.SYSCFG_DL_PWM_servo_init</name>
         <load_address>0xac8</load_address>
         <readonly>true</readonly>
         <executable>true</executable>
         <run_address>0xac8</run_address>
         <size>0x68</size>
         <alignment>0x4</alignment>
         <input_file_ref idref="fl-2"/>
      </object_component>
      <object_component id="oc-93">
         <name>.text.beeper_test</name>
         <load_address>0xb30</load_address>
         <readonly>true</readonly>
         <executable>true</executable>
         <run_address>0xb30</run_address>
         <size>0x58</size>
         <alignment>0x4</alignment>
         <input_file_ref idref="fl-1"/>
      </object_component>
      <object_component id="oc-8a">
         <name>.text.SYSCFG_DL_init</name>
         <load_address>0xb88</load_address>
         <readonly>true</readonly>
         <executable>true</executable>
         <run_address>0xb88</run_address>
         <size>0x54</size>
         <alignment>0x4</alignment>
         <input_file_ref idref="fl-2"/>
      </object_component>
      <object_component id="oc-ff">
         <name>.text.DL_GPIO_initPeripheralInputFunctionFeatures</name>
         <load_address>0xbdc</load_address>
         <readonly>true</readonly>
         <executable>true</executable>
         <run_address>0xbdc</run_address>
         <size>0x50</size>
         <alignment>0x4</alignment>
         <input_file_ref idref="fl-2"/>
      </object_component>
      <object_component id="oc-14a">
         <name>.text.SysTick_Config</name>
         <load_address>0xc2c</load_address>
         <readonly>true</readonly>
         <executable>true</executable>
         <run_address>0xc2c</run_address>
         <size>0x50</size>
         <alignment>0x4</alignment>
         <input_file_ref idref="fl-2"/>
      </object_component>
      <object_component id="oc-10b">
         <name>.text.DL_GPIO_enableEvents</name>
         <load_address>0xc7c</load_address>
         <readonly>true</readonly>
         <executable>true</executable>
         <run_address>0xc7c</run_address>
         <size>0x4c</size>
         <alignment>0x4</alignment>
         <input_file_ref idref="fl-2"/>
      </object_component>
      <object_component id="oc-103">
         <name>.text.DL_GPIO_initDigitalInputFeatures</name>
         <load_address>0xcc8</load_address>
         <readonly>true</readonly>
         <executable>true</executable>
         <run_address>0xcc8</run_address>
         <size>0x4c</size>
         <alignment>0x4</alignment>
         <input_file_ref idref="fl-2"/>
      </object_component>
      <object_component id="oc-137">
         <name>.text.DL_UART_setBaudRateDivisor</name>
         <load_address>0xd14</load_address>
         <readonly>true</readonly>
         <executable>true</executable>
         <run_address>0xd14</run_address>
         <size>0x4c</size>
         <alignment>0x4</alignment>
         <input_file_ref idref="fl-2"/>
      </object_component>
      <object_component id="oc-135">
         <name>.text.DL_UART_init</name>
         <load_address>0xd60</load_address>
         <readonly>true</readonly>
         <executable>true</executable>
         <run_address>0xd60</run_address>
         <size>0x48</size>
         <alignment>0x4</alignment>
         <input_file_ref idref="fl-19"/>
      </object_component>
      <object_component id="oc-c4">
         <name>.text.SYSCFG_DL_UART_0_init</name>
         <load_address>0xda8</load_address>
         <readonly>true</readonly>
         <executable>true</executable>
         <run_address>0xda8</run_address>
         <size>0x48</size>
         <alignment>0x4</alignment>
         <input_file_ref idref="fl-2"/>
      </object_component>
      <object_component id="oc-39">
         <name>.text.UART0_IRQHandler</name>
         <load_address>0xdf0</load_address>
         <readonly>true</readonly>
         <executable>true</executable>
         <run_address>0xdf0</run_address>
         <size>0x48</size>
         <alignment>0x4</alignment>
         <input_file_ref idref="fl-5"/>
      </object_component>
      <object_component id="oc-144">
         <name>.text.DL_SPI_init</name>
         <load_address>0xe38</load_address>
         <readonly>true</readonly>
         <executable>true</executable>
         <run_address>0xe38</run_address>
         <size>0x44</size>
         <alignment>0x4</alignment>
         <input_file_ref idref="fl-17"/>
      </object_component>
      <object_component id="oc-94">
         <name>.text.led_test</name>
         <load_address>0xe7c</load_address>
         <readonly>true</readonly>
         <executable>true</executable>
         <run_address>0xe7c</run_address>
         <size>0x44</size>
         <alignment>0x4</alignment>
         <input_file_ref idref="fl-1"/>
      </object_component>
      <object_component id="oc-c6">
         <name>.text.SYSCFG_DL_SPI_0_init</name>
         <load_address>0xec0</load_address>
         <readonly>true</readonly>
         <executable>true</executable>
         <run_address>0xec0</run_address>
         <size>0x40</size>
         <alignment>0x4</alignment>
         <input_file_ref idref="fl-2"/>
      </object_component>
      <object_component id="oc-c5">
         <name>.text.SYSCFG_DL_UART_1_init</name>
         <load_address>0xf00</load_address>
         <readonly>true</readonly>
         <executable>true</executable>
         <run_address>0xf00</run_address>
         <size>0x40</size>
         <alignment>0x4</alignment>
         <input_file_ref idref="fl-2"/>
      </object_component>
      <object_component id="oc-71">
         <name>.text.main</name>
         <load_address>0xf40</load_address>
         <readonly>true</readonly>
         <executable>true</executable>
         <run_address>0xf40</run_address>
         <size>0x40</size>
         <alignment>0x4</alignment>
         <input_file_ref idref="fl-1"/>
      </object_component>
      <object_component id="oc-117">
         <name>.text.DL_Timer_setCounterControl</name>
         <load_address>0xf80</load_address>
         <readonly>true</readonly>
         <executable>true</executable>
         <run_address>0xf80</run_address>
         <size>0x3c</size>
         <alignment>0x4</alignment>
         <input_file_ref idref="fl-2"/>
      </object_component>
      <object_component id="oc-a3">
         <name>.text:__TI_auto_init_nobinit_nopinit</name>
         <load_address>0xfbc</load_address>
         <readonly>true</readonly>
         <executable>true</executable>
         <run_address>0xfbc</run_address>
         <size>0x3c</size>
         <alignment>0x4</alignment>
         <input_file_ref idref="fl-32"/>
      </object_component>
      <object_component id="oc-10a">
         <name>.text.DL_GPIO_setPublisherChanID</name>
         <load_address>0xff8</load_address>
         <readonly>true</readonly>
         <executable>true</executable>
         <run_address>0xff8</run_address>
         <size>0x38</size>
         <alignment>0x4</alignment>
         <input_file_ref idref="fl-2"/>
      </object_component>
      <object_component id="oc-c1">
         <name>.text.SYSCFG_DL_TIMER_0_init</name>
         <load_address>0x1030</load_address>
         <readonly>true</readonly>
         <executable>true</executable>
         <run_address>0x1030</run_address>
         <size>0x34</size>
         <alignment>0x4</alignment>
         <input_file_ref idref="fl-2"/>
      </object_component>
      <object_component id="oc-146">
         <name>.text.DL_SPI_setFIFOThreshold</name>
         <load_address>0x1064</load_address>
         <readonly>true</readonly>
         <executable>true</executable>
         <run_address>0x1064</run_address>
         <size>0x30</size>
         <alignment>0x4</alignment>
         <input_file_ref idref="fl-2"/>
      </object_component>
      <object_component id="oc-c3">
         <name>.text.SYSCFG_DL_I2C_0_init</name>
         <load_address>0x1094</load_address>
         <readonly>true</readonly>
         <executable>true</executable>
         <run_address>0x1094</run_address>
         <size>0x2c</size>
         <alignment>0x4</alignment>
         <input_file_ref idref="fl-2"/>
      </object_component>
      <object_component id="oc-c2">
         <name>.text.SYSCFG_DL_I2C_MPU6050_init</name>
         <load_address>0x10c0</load_address>
         <readonly>true</readonly>
         <executable>true</executable>
         <run_address>0x10c0</run_address>
         <size>0x2c</size>
         <alignment>0x4</alignment>
         <input_file_ref idref="fl-2"/>
      </object_component>
      <object_component id="oc-8f">
         <name>.text.__NVIC_ClearPendingIRQ</name>
         <load_address>0x10ec</load_address>
         <readonly>true</readonly>
         <executable>true</executable>
         <run_address>0x10ec</run_address>
         <size>0x2c</size>
         <alignment>0x4</alignment>
         <input_file_ref idref="fl-1"/>
      </object_component>
      <object_component id="oc-90">
         <name>.text.__NVIC_EnableIRQ</name>
         <load_address>0x1118</load_address>
         <readonly>true</readonly>
         <executable>true</executable>
         <run_address>0x1118</run_address>
         <size>0x2c</size>
         <alignment>0x4</alignment>
         <input_file_ref idref="fl-1"/>
      </object_component>
      <object_component id="oc-160">
         <name>.text.DL_Common_updateReg</name>
         <load_address>0x1144</load_address>
         <readonly>true</readonly>
         <executable>true</executable>
         <run_address>0x1144</run_address>
         <size>0x28</size>
         <alignment>0x2</alignment>
         <input_file_ref idref="fl-2"/>
      </object_component>
      <object_component id="oc-56">
         <name>.text:_c_int00_noargs</name>
         <load_address>0x116c</load_address>
         <readonly>true</readonly>
         <executable>true</executable>
         <run_address>0x116c</run_address>
         <size>0x28</size>
         <alignment>0x4</alignment>
         <input_file_ref idref="fl-30"/>
      </object_component>
      <object_component id="oc-12b">
         <name>.text.DL_I2C_setAnalogGlitchFilterPulseWidth</name>
         <load_address>0x1194</load_address>
         <readonly>true</readonly>
         <executable>true</executable>
         <run_address>0x1194</run_address>
         <size>0x26</size>
         <alignment>0x2</alignment>
         <input_file_ref idref="fl-2"/>
      </object_component>
      <object_component id="oc-125">
         <name>.text.DL_I2C_setClockConfig</name>
         <load_address>0x11ba</load_address>
         <readonly>true</readonly>
         <executable>true</executable>
         <run_address>0x11ba</run_address>
         <size>0x26</size>
         <alignment>0x2</alignment>
         <input_file_ref idref="fl-16"/>
      </object_component>
      <object_component id="oc-145">
         <name>.text.DL_SPI_setBitRateSerialClockDivider</name>
         <load_address>0x11e0</load_address>
         <readonly>true</readonly>
         <executable>true</executable>
         <run_address>0x11e0</run_address>
         <size>0x24</size>
         <alignment>0x4</alignment>
         <input_file_ref idref="fl-2"/>
      </object_component>
      <object_component id="oc-101">
         <name>.text.DL_GPIO_initPeripheralInputFunction</name>
         <load_address>0x1204</load_address>
         <readonly>true</readonly>
         <executable>true</executable>
         <run_address>0x1204</run_address>
         <size>0x20</size>
         <alignment>0x4</alignment>
         <input_file_ref idref="fl-2"/>
      </object_component>
      <object_component id="oc-136">
         <name>.text.DL_UART_setOversampling</name>
         <load_address>0x1224</load_address>
         <readonly>true</readonly>
         <executable>true</executable>
         <run_address>0x1224</run_address>
         <size>0x1e</size>
         <alignment>0x2</alignment>
         <input_file_ref idref="fl-2"/>
      </object_component>
      <object_component id="oc-be">
         <name>.text.SYSCFG_DL_SYSCTL_init</name>
         <load_address>0x1242</load_address>
         <readonly>true</readonly>
         <executable>true</executable>
         <run_address>0x1242</run_address>
         <size>0x1e</size>
         <alignment>0x2</alignment>
         <input_file_ref idref="fl-2"/>
      </object_component>
      <object_component id="oc-108">
         <name>.text.DL_GPIO_clearInterruptStatus</name>
         <load_address>0x1260</load_address>
         <readonly>true</readonly>
         <executable>true</executable>
         <run_address>0x1260</run_address>
         <size>0x1c</size>
         <alignment>0x4</alignment>
         <input_file_ref idref="fl-2"/>
      </object_component>
      <object_component id="oc-100">
         <name>.text.DL_GPIO_enableHiZ</name>
         <load_address>0x127c</load_address>
         <readonly>true</readonly>
         <executable>true</executable>
         <run_address>0x127c</run_address>
         <size>0x1c</size>
         <alignment>0x4</alignment>
         <input_file_ref idref="fl-2"/>
      </object_component>
      <object_component id="oc-109">
         <name>.text.DL_GPIO_enableInterrupt</name>
         <load_address>0x1298</load_address>
         <readonly>true</readonly>
         <executable>true</executable>
         <run_address>0x1298</run_address>
         <size>0x1c</size>
         <alignment>0x4</alignment>
         <input_file_ref idref="fl-2"/>
      </object_component>
      <object_component id="oc-fd">
         <name>.text.DL_GPIO_initPeripheralOutputFunction</name>
         <load_address>0x12b4</load_address>
         <readonly>true</readonly>
         <executable>true</executable>
         <run_address>0x12b4</run_address>
         <size>0x1c</size>
         <alignment>0x4</alignment>
         <input_file_ref idref="fl-2"/>
      </object_component>
      <object_component id="oc-106">
         <name>.text.DL_GPIO_setLowerPinsInputFilter</name>
         <load_address>0x12d0</load_address>
         <readonly>true</readonly>
         <executable>true</executable>
         <run_address>0x12d0</run_address>
         <size>0x1c</size>
         <alignment>0x4</alignment>
         <input_file_ref idref="fl-2"/>
      </object_component>
      <object_component id="oc-105">
         <name>.text.DL_GPIO_setLowerPinsPolarity</name>
         <load_address>0x12ec</load_address>
         <readonly>true</readonly>
         <executable>true</executable>
         <run_address>0x12ec</run_address>
         <size>0x1c</size>
         <alignment>0x4</alignment>
         <input_file_ref idref="fl-2"/>
      </object_component>
      <object_component id="oc-107">
         <name>.text.DL_GPIO_setUpperPinsInputFilter</name>
         <load_address>0x1308</load_address>
         <readonly>true</readonly>
         <executable>true</executable>
         <run_address>0x1308</run_address>
         <size>0x1c</size>
         <alignment>0x4</alignment>
         <input_file_ref idref="fl-2"/>
      </object_component>
      <object_component id="oc-10d">
         <name>.text.DL_SYSCTL_setSYSOSCFreq</name>
         <load_address>0x1324</load_address>
         <readonly>true</readonly>
         <executable>true</executable>
         <run_address>0x1324</run_address>
         <size>0x1c</size>
         <alignment>0x4</alignment>
         <input_file_ref idref="fl-2"/>
      </object_component>
      <object_component id="oc-122">
         <name>.text.DL_Timer_enableInterrupt</name>
         <load_address>0x1340</load_address>
         <readonly>true</readonly>
         <executable>true</executable>
         <run_address>0x1340</run_address>
         <size>0x1c</size>
         <alignment>0x4</alignment>
         <input_file_ref idref="fl-2"/>
      </object_component>
      <object_component id="oc-119">
         <name>.text.DL_Timer_setCaptCompUpdateMethod</name>
         <load_address>0x135c</load_address>
         <readonly>true</readonly>
         <executable>true</executable>
         <run_address>0x135c</run_address>
         <size>0x1c</size>
         <alignment>0x4</alignment>
         <input_file_ref idref="fl-18"/>
      </object_component>
      <object_component id="oc-110">
         <name>.text.DL_Timer_setClockConfig</name>
         <load_address>0x1378</load_address>
         <readonly>true</readonly>
         <executable>true</executable>
         <run_address>0x1378</run_address>
         <size>0x1c</size>
         <alignment>0x4</alignment>
         <input_file_ref idref="fl-18"/>
      </object_component>
      <object_component id="oc-138">
         <name>.text.DL_UART_enableInterrupt</name>
         <load_address>0x1394</load_address>
         <readonly>true</readonly>
         <executable>true</executable>
         <run_address>0x1394</run_address>
         <size>0x1c</size>
         <alignment>0x4</alignment>
         <input_file_ref idref="fl-2"/>
      </object_component>
      <object_component id="oc-fe">
         <name>.text.DL_GPIO_enableOutput</name>
         <load_address>0x13b0</load_address>
         <readonly>true</readonly>
         <executable>true</executable>
         <run_address>0x13b0</run_address>
         <size>0x18</size>
         <alignment>0x4</alignment>
         <input_file_ref idref="fl-2"/>
      </object_component>
      <object_component id="oc-f8">
         <name>.text.DL_GPIO_enablePower</name>
         <load_address>0x13c8</load_address>
         <readonly>true</readonly>
         <executable>true</executable>
         <run_address>0x13c8</run_address>
         <size>0x18</size>
         <alignment>0x4</alignment>
         <input_file_ref idref="fl-2"/>
      </object_component>
      <object_component id="oc-102">
         <name>.text.DL_GPIO_initDigitalOutput</name>
         <load_address>0x13e0</load_address>
         <readonly>true</readonly>
         <executable>true</executable>
         <run_address>0x13e0</run_address>
         <size>0x18</size>
         <alignment>0x4</alignment>
         <input_file_ref idref="fl-2"/>
      </object_component>
      <object_component id="oc-f3">
         <name>.text.DL_GPIO_reset</name>
         <load_address>0x13f8</load_address>
         <readonly>true</readonly>
         <executable>true</executable>
         <run_address>0x13f8</run_address>
         <size>0x18</size>
         <alignment>0x4</alignment>
         <input_file_ref idref="fl-2"/>
      </object_component>
      <object_component id="oc-152">
         <name>.text.DL_GPIO_setPins</name>
         <load_address>0x1410</load_address>
         <readonly>true</readonly>
         <executable>true</executable>
         <run_address>0x1410</run_address>
         <size>0x18</size>
         <alignment>0x4</alignment>
         <input_file_ref idref="fl-6"/>
      </object_component>
      <object_component id="oc-ce">
         <name>.text.DL_GPIO_setPins</name>
         <load_address>0x1428</load_address>
         <readonly>true</readonly>
         <executable>true</executable>
         <run_address>0x1428</run_address>
         <size>0x18</size>
         <alignment>0x4</alignment>
         <input_file_ref idref="fl-1"/>
      </object_component>
      <object_component id="oc-61">
         <name>.text.DL_GPIO_togglePins</name>
         <load_address>0x1440</load_address>
         <readonly>true</readonly>
         <executable>true</executable>
         <run_address>0x1440</run_address>
         <size>0x18</size>
         <alignment>0x4</alignment>
         <input_file_ref idref="fl-5"/>
      </object_component>
      <object_component id="oc-154">
         <name>.text.DL_GPIO_togglePins</name>
         <load_address>0x1458</load_address>
         <readonly>true</readonly>
         <executable>true</executable>
         <run_address>0x1458</run_address>
         <size>0x18</size>
         <alignment>0x4</alignment>
         <input_file_ref idref="fl-6"/>
      </object_component>
      <object_component id="oc-d6">
         <name>.text.DL_GPIO_togglePins</name>
         <load_address>0x1470</load_address>
         <readonly>true</readonly>
         <executable>true</executable>
         <run_address>0x1470</run_address>
         <size>0x18</size>
         <alignment>0x4</alignment>
         <input_file_ref idref="fl-1"/>
      </object_component>
      <object_component id="oc-12c">
         <name>.text.DL_I2C_enableAnalogGlitchFilter</name>
         <load_address>0x1488</load_address>
         <readonly>true</readonly>
         <executable>true</executable>
         <run_address>0x1488</run_address>
         <size>0x18</size>
         <alignment>0x2</alignment>
         <input_file_ref idref="fl-2"/>
      </object_component>
      <object_component id="oc-fa">
         <name>.text.DL_I2C_enablePower</name>
         <load_address>0x14a0</load_address>
         <readonly>true</readonly>
         <executable>true</executable>
         <run_address>0x14a0</run_address>
         <size>0x18</size>
         <alignment>0x4</alignment>
         <input_file_ref idref="fl-2"/>
      </object_component>
      <object_component id="oc-f5">
         <name>.text.DL_I2C_reset</name>
         <load_address>0x14b8</load_address>
         <readonly>true</readonly>
         <executable>true</executable>
         <run_address>0x14b8</run_address>
         <size>0x18</size>
         <alignment>0x4</alignment>
         <input_file_ref idref="fl-2"/>
      </object_component>
      <object_component id="oc-147">
         <name>.text.DL_SPI_enable</name>
         <load_address>0x14d0</load_address>
         <readonly>true</readonly>
         <executable>true</executable>
         <run_address>0x14d0</run_address>
         <size>0x18</size>
         <alignment>0x4</alignment>
         <input_file_ref idref="fl-2"/>
      </object_component>
      <object_component id="oc-fc">
         <name>.text.DL_SPI_enablePower</name>
         <load_address>0x14e8</load_address>
         <readonly>true</readonly>
         <executable>true</executable>
         <run_address>0x14e8</run_address>
         <size>0x18</size>
         <alignment>0x4</alignment>
         <input_file_ref idref="fl-2"/>
      </object_component>
      <object_component id="oc-f7">
         <name>.text.DL_SPI_reset</name>
         <load_address>0x1500</load_address>
         <readonly>true</readonly>
         <executable>true</executable>
         <run_address>0x1500</run_address>
         <size>0x18</size>
         <alignment>0x4</alignment>
         <input_file_ref idref="fl-2"/>
      </object_component>
      <object_component id="oc-10c">
         <name>.text.DL_SYSCTL_setBORThreshold</name>
         <load_address>0x1518</load_address>
         <readonly>true</readonly>
         <executable>true</executable>
         <run_address>0x1518</run_address>
         <size>0x18</size>
         <alignment>0x4</alignment>
         <input_file_ref idref="fl-2"/>
      </object_component>
      <object_component id="oc-f9">
         <name>.text.DL_Timer_enablePower</name>
         <load_address>0x1530</load_address>
         <readonly>true</readonly>
         <executable>true</executable>
         <run_address>0x1530</run_address>
         <size>0x18</size>
         <alignment>0x4</alignment>
         <input_file_ref idref="fl-2"/>
      </object_component>
      <object_component id="oc-f4">
         <name>.text.DL_Timer_reset</name>
         <load_address>0x1548</load_address>
         <readonly>true</readonly>
         <executable>true</executable>
         <run_address>0x1548</run_address>
         <size>0x18</size>
         <alignment>0x4</alignment>
         <input_file_ref idref="fl-2"/>
      </object_component>
      <object_component id="oc-118">
         <name>.text.DL_Timer_setCaptureCompareOutCtl</name>
         <load_address>0x1560</load_address>
         <readonly>true</readonly>
         <executable>true</executable>
         <run_address>0x1560</run_address>
         <size>0x18</size>
         <alignment>0x4</alignment>
         <input_file_ref idref="fl-18"/>
      </object_component>
      <object_component id="oc-91">
         <name>.text.DL_Timer_startCounter</name>
         <load_address>0x1578</load_address>
         <readonly>true</readonly>
         <executable>true</executable>
         <run_address>0x1578</run_address>
         <size>0x18</size>
         <alignment>0x4</alignment>
         <input_file_ref idref="fl-1"/>
      </object_component>
      <object_component id="oc-fb">
         <name>.text.DL_UART_enablePower</name>
         <load_address>0x1590</load_address>
         <readonly>true</readonly>
         <executable>true</executable>
         <run_address>0x1590</run_address>
         <size>0x18</size>
         <alignment>0x4</alignment>
         <input_file_ref idref="fl-2"/>
      </object_component>
      <object_component id="oc-f6">
         <name>.text.DL_UART_reset</name>
         <load_address>0x15a8</load_address>
         <readonly>true</readonly>
         <executable>true</executable>
         <run_address>0x15a8</run_address>
         <size>0x18</size>
         <alignment>0x4</alignment>
         <input_file_ref idref="fl-2"/>
      </object_component>
      <object_component id="oc-db">
         <name>.text.DL_GPIO_readPins</name>
         <load_address>0x15c0</load_address>
         <readonly>true</readonly>
         <executable>true</executable>
         <run_address>0x15c0</run_address>
         <size>0x16</size>
         <alignment>0x2</alignment>
         <input_file_ref idref="fl-6"/>
      </object_component>
      <object_component id="oc-cd">
         <name>.text.DL_GPIO_readPins</name>
         <load_address>0x15d6</load_address>
         <readonly>true</readonly>
         <executable>true</executable>
         <run_address>0x15d6</run_address>
         <size>0x16</size>
         <alignment>0x2</alignment>
         <input_file_ref idref="fl-1"/>
      </object_component>
      <object_component id="oc-139">
         <name>.text.DL_UART_enable</name>
         <load_address>0x15ec</load_address>
         <readonly>true</readonly>
         <executable>true</executable>
         <run_address>0x15ec</run_address>
         <size>0x16</size>
         <alignment>0x2</alignment>
         <input_file_ref idref="fl-2"/>
      </object_component>
      <object_component id="oc-63">
         <name>.text.DL_UART_transmitData</name>
         <load_address>0x1602</load_address>
         <readonly>true</readonly>
         <executable>true</executable>
         <run_address>0x1602</run_address>
         <size>0x16</size>
         <alignment>0x2</alignment>
         <input_file_ref idref="fl-5"/>
      </object_component>
      <object_component id="oc-4d">
         <name>.text:decompress:ZI:__TI_zero_init_nomemset</name>
         <load_address>0x1618</load_address>
         <readonly>true</readonly>
         <executable>true</executable>
         <run_address>0x1618</run_address>
         <size>0x16</size>
         <alignment>0x2</alignment>
         <input_file_ref idref="fl-35"/>
      </object_component>
      <object_component id="oc-153">
         <name>.text.DL_GPIO_clearPins</name>
         <load_address>0x162e</load_address>
         <readonly>true</readonly>
         <executable>true</executable>
         <run_address>0x162e</run_address>
         <size>0x14</size>
         <alignment>0x2</alignment>
         <input_file_ref idref="fl-6"/>
      </object_component>
      <object_component id="oc-cf">
         <name>.text.DL_GPIO_clearPins</name>
         <load_address>0x1642</load_address>
         <readonly>true</readonly>
         <executable>true</executable>
         <run_address>0x1642</run_address>
         <size>0x14</size>
         <alignment>0x2</alignment>
         <input_file_ref idref="fl-1"/>
      </object_component>
      <object_component id="oc-104">
         <name>.text.DL_GPIO_clearPins</name>
         <load_address>0x1656</load_address>
         <readonly>true</readonly>
         <executable>true</executable>
         <run_address>0x1656</run_address>
         <size>0x14</size>
         <alignment>0x2</alignment>
         <input_file_ref idref="fl-2"/>
      </object_component>
      <object_component id="oc-3a">
         <name>.text.TIMG6_IRQHandler</name>
         <load_address>0x166a</load_address>
         <readonly>true</readonly>
         <executable>true</executable>
         <run_address>0x166a</run_address>
         <size>0x2</size>
         <alignment>0x2</alignment>
         <input_file_ref idref="fl-5"/>
      </object_component>
      <object_component id="oc-10f">
         <name>.text.DL_SYSCTL_disableSYSPLL</name>
         <load_address>0x166c</load_address>
         <readonly>true</readonly>
         <executable>true</executable>
         <run_address>0x166c</run_address>
         <size>0x14</size>
         <alignment>0x4</alignment>
         <input_file_ref idref="fl-2"/>
      </object_component>
      <object_component id="oc-11b">
         <name>.text.DL_Timer_enableClock</name>
         <load_address>0x1680</load_address>
         <readonly>true</readonly>
         <executable>true</executable>
         <run_address>0x1680</run_address>
         <size>0x14</size>
         <alignment>0x4</alignment>
         <input_file_ref idref="fl-2"/>
      </object_component>
      <object_component id="oc-11c">
         <name>.text.DL_Timer_setCCPDirection</name>
         <load_address>0x1694</load_address>
         <readonly>true</readonly>
         <executable>true</executable>
         <run_address>0x1694</run_address>
         <size>0x14</size>
         <alignment>0x2</alignment>
         <input_file_ref idref="fl-2"/>
      </object_component>
      <object_component id="oc-62">
         <name>.text.DL_UART_receiveData</name>
         <load_address>0x16a8</load_address>
         <readonly>true</readonly>
         <executable>true</executable>
         <run_address>0x16a8</run_address>
         <size>0x14</size>
         <alignment>0x4</alignment>
         <input_file_ref idref="fl-5"/>
      </object_component>
      <object_component id="oc-da">
         <name>.text.led_off</name>
         <load_address>0x16bc</load_address>
         <readonly>true</readonly>
         <executable>true</executable>
         <run_address>0x16bc</run_address>
         <size>0x14</size>
         <alignment>0x4</alignment>
         <input_file_ref idref="fl-6"/>
      </object_component>
      <object_component id="oc-d9">
         <name>.text.led_on</name>
         <load_address>0x16d0</load_address>
         <readonly>true</readonly>
         <executable>true</executable>
         <run_address>0x16d0</run_address>
         <size>0x14</size>
         <alignment>0x4</alignment>
         <input_file_ref idref="fl-6"/>
      </object_component>
      <object_component id="oc-dc">
         <name>.text.led_toggle</name>
         <load_address>0x16e4</load_address>
         <readonly>true</readonly>
         <executable>true</executable>
         <run_address>0x16e4</run_address>
         <size>0x14</size>
         <alignment>0x4</alignment>
         <input_file_ref idref="fl-6"/>
      </object_component>
      <object_component id="oc-13e">
         <name>.text.DL_SPI_setClockConfig</name>
         <load_address>0x16f8</load_address>
         <readonly>true</readonly>
         <executable>true</executable>
         <run_address>0x16f8</run_address>
         <size>0x12</size>
         <alignment>0x2</alignment>
         <input_file_ref idref="fl-17"/>
      </object_component>
      <object_component id="oc-60">
         <name>.text.DL_UART_getPendingInterrupt</name>
         <load_address>0x170a</load_address>
         <readonly>true</readonly>
         <executable>true</executable>
         <run_address>0x170a</run_address>
         <size>0x12</size>
         <alignment>0x2</alignment>
         <input_file_ref idref="fl-5"/>
      </object_component>
      <object_component id="oc-12f">
         <name>.text.DL_UART_setClockConfig</name>
         <load_address>0x171c</load_address>
         <readonly>true</readonly>
         <executable>true</executable>
         <run_address>0x171c</run_address>
         <size>0x12</size>
         <alignment>0x2</alignment>
         <input_file_ref idref="fl-19"/>
      </object_component>
      <object_component id="oc-80">
         <name>.text:TI_memcpy_small</name>
         <load_address>0x172e</load_address>
         <readonly>true</readonly>
         <executable>true</executable>
         <run_address>0x172e</run_address>
         <size>0x12</size>
         <alignment>0x1</alignment>
         <input_file_ref idref="fl-df"/>
      </object_component>
      <object_component id="oc-20">
         <name>.text:decompress:none</name>
         <load_address>0x1740</load_address>
         <readonly>true</readonly>
         <executable>true</executable>
         <run_address>0x1740</run_address>
         <size>0x12</size>
         <alignment>0x2</alignment>
         <input_file_ref idref="fl-36"/>
      </object_component>
      <object_component id="oc-10e">
         <name>.text.DL_SYSCTL_disableHFXT</name>
         <load_address>0x1754</load_address>
         <readonly>true</readonly>
         <executable>true</executable>
         <run_address>0x1754</run_address>
         <size>0x10</size>
         <alignment>0x4</alignment>
         <input_file_ref idref="fl-2"/>
      </object_component>
      <object_component id="oc-11a">
         <name>.text.DL_Timer_setCaptureCompareValue</name>
         <load_address>0x1764</load_address>
         <readonly>true</readonly>
         <executable>true</executable>
         <run_address>0x1764</run_address>
         <size>0x10</size>
         <alignment>0x4</alignment>
         <input_file_ref idref="fl-18"/>
      </object_component>
      <object_component id="oc-34">
         <name>.text.SysTick_Handler</name>
         <load_address>0x1774</load_address>
         <readonly>true</readonly>
         <executable>true</executable>
         <run_address>0x1774</run_address>
         <size>0x10</size>
         <alignment>0x4</alignment>
         <input_file_ref idref="fl-5"/>
      </object_component>
      <object_component id="oc-c7">
         <name>.text.SYSCFG_DL_SYSTICK_init</name>
         <load_address>0x1784</load_address>
         <readonly>true</readonly>
         <executable>true</executable>
         <run_address>0x1784</run_address>
         <size>0xc</size>
         <alignment>0x2</alignment>
         <input_file_ref idref="fl-2"/>
      </object_component>
      <object_component id="oc-d0">
         <name>.text.millis</name>
         <load_address>0x1790</load_address>
         <readonly>true</readonly>
         <executable>true</executable>
         <run_address>0x1790</run_address>
         <size>0xc</size>
         <alignment>0x4</alignment>
         <input_file_ref idref="fl-5"/>
      </object_component>
      <object_component id="oc-d1">
         <name>.text.DL_Common_delayCycles</name>
         <load_address>0x179c</load_address>
         <readonly>true</readonly>
         <executable>true</executable>
         <run_address>0x179c</run_address>
         <size>0xa</size>
         <alignment>0x2</alignment>
         <input_file_ref idref="fl-15"/>
      </object_component>
      <object_component id="oc-46">
         <name>.text.__aeabi_memcpy</name>
         <load_address>0x17a8</load_address>
         <readonly>true</readonly>
         <executable>true</executable>
         <run_address>0x17a8</run_address>
         <size>0x8</size>
         <alignment>0x4</alignment>
         <input_file_ref idref="fl-db"/>
      </object_component>
      <object_component id="oc-9c">
         <name>.text:abort</name>
         <load_address>0x17b0</load_address>
         <readonly>true</readonly>
         <executable>true</executable>
         <run_address>0x17b0</run_address>
         <size>0x6</size>
         <alignment>0x2</alignment>
         <input_file_ref idref="fl-38"/>
      </object_component>
      <object_component id="oc-33">
         <name>.text.Default_Handler</name>
         <load_address>0x17b6</load_address>
         <readonly>true</readonly>
         <executable>true</executable>
         <run_address>0x17b6</run_address>
         <size>0x4</size>
         <alignment>0x2</alignment>
         <input_file_ref idref="fl-3"/>
      </object_component>
      <object_component id="oc-e2">
         <name>.text.HOSTexit</name>
         <load_address>0x17ba</load_address>
         <readonly>true</readonly>
         <executable>true</executable>
         <run_address>0x17ba</run_address>
         <size>0x4</size>
         <alignment>0x2</alignment>
         <input_file_ref idref="fl-da"/>
      </object_component>
      <object_component id="oc-2f">
         <name>.text.Reset_Handler</name>
         <load_address>0x17be</load_address>
         <readonly>true</readonly>
         <executable>true</executable>
         <run_address>0x17be</run_address>
         <size>0x4</size>
         <alignment>0x2</alignment>
         <input_file_ref idref="fl-3"/>
      </object_component>
      <object_component id="oc-6d">
         <name>.text._system_pre_init</name>
         <load_address>0x17c2</load_address>
         <readonly>true</readonly>
         <executable>true</executable>
         <run_address>0x17c2</run_address>
         <size>0x4</size>
         <alignment>0x2</alignment>
         <input_file_ref idref="fl-33"/>
      </object_component>
      <object_component id="oc-1a9">
         <name>__TI_handler_table</name>
         <load_address>0x1820</load_address>
         <readonly>true</readonly>
         <run_address>0x1820</run_address>
         <size>0xc</size>
         <alignment>0x4</alignment>
      </object_component>
      <object_component id="oc-1ac">
         <name>.cinit..bss.load</name>
         <load_address>0x182c</load_address>
         <readonly>true</readonly>
         <run_address>0x182c</run_address>
         <size>0x8</size>
         <alignment>0x4</alignment>
      </object_component>
      <object_component id="oc-1ab">
         <name>.cinit..data.load</name>
         <load_address>0x1834</load_address>
         <readonly>true</readonly>
         <run_address>0x1834</run_address>
         <size>0x8</size>
         <alignment>0x1</alignment>
      </object_component>
      <object_component id="oc-1aa">
         <name>__TI_cinit_table</name>
         <load_address>0x183c</load_address>
         <readonly>true</readonly>
         <run_address>0x183c</run_address>
         <size>0x10</size>
         <alignment>0x4</alignment>
      </object_component>
      <object_component id="oc-124">
         <name>.rodata.gTIMER_0TimerConfig</name>
         <load_address>0x17c8</load_address>
         <readonly>true</readonly>
         <run_address>0x17c8</run_address>
         <size>0x14</size>
         <alignment>0x4</alignment>
         <input_file_ref idref="fl-2"/>
      </object_component>
      <object_component id="oc-149">
         <name>.rodata.gSPI_0_config</name>
         <load_address>0x17dc</load_address>
         <readonly>true</readonly>
         <run_address>0x17dc</run_address>
         <size>0xa</size>
         <alignment>0x2</alignment>
         <input_file_ref idref="fl-2"/>
      </object_component>
      <object_component id="oc-13b">
         <name>.rodata.gUART_0Config</name>
         <load_address>0x17e6</load_address>
         <readonly>true</readonly>
         <run_address>0x17e6</run_address>
         <size>0xa</size>
         <alignment>0x2</alignment>
         <input_file_ref idref="fl-2"/>
      </object_component>
      <object_component id="oc-13d">
         <name>.rodata.gUART_1Config</name>
         <load_address>0x17f0</load_address>
         <readonly>true</readonly>
         <run_address>0x17f0</run_address>
         <size>0xa</size>
         <alignment>0x2</alignment>
         <input_file_ref idref="fl-2"/>
      </object_component>
      <object_component id="oc-12e">
         <name>.rodata.gI2C_0ClockConfig</name>
         <load_address>0x17fa</load_address>
         <readonly>true</readonly>
         <run_address>0x17fa</run_address>
         <size>0x2</size>
         <alignment>0x1</alignment>
         <input_file_ref idref="fl-2"/>
      </object_component>
      <object_component id="oc-11e">
         <name>.rodata.gPWM_motorConfig</name>
         <load_address>0x17fc</load_address>
         <readonly>true</readonly>
         <run_address>0x17fc</run_address>
         <size>0x8</size>
         <alignment>0x4</alignment>
         <input_file_ref idref="fl-2"/>
      </object_component>
      <object_component id="oc-120">
         <name>.rodata.gPWM_servoConfig</name>
         <load_address>0x1804</load_address>
         <readonly>true</readonly>
         <run_address>0x1804</run_address>
         <size>0x8</size>
         <alignment>0x4</alignment>
         <input_file_ref idref="fl-2"/>
      </object_component>
      <object_component id="oc-11d">
         <name>.rodata.gPWM_motorClockConfig</name>
         <load_address>0x180c</load_address>
         <readonly>true</readonly>
         <run_address>0x180c</run_address>
         <size>0x3</size>
         <alignment>0x1</alignment>
         <input_file_ref idref="fl-2"/>
      </object_component>
      <object_component id="oc-11f">
         <name>.rodata.gPWM_servoClockConfig</name>
         <load_address>0x180f</load_address>
         <readonly>true</readonly>
         <run_address>0x180f</run_address>
         <size>0x3</size>
         <alignment>0x1</alignment>
         <input_file_ref idref="fl-2"/>
      </object_component>
      <object_component id="oc-123">
         <name>.rodata.gTIMER_0ClockConfig</name>
         <load_address>0x1812</load_address>
         <readonly>true</readonly>
         <run_address>0x1812</run_address>
         <size>0x3</size>
         <alignment>0x1</alignment>
         <input_file_ref idref="fl-2"/>
      </object_component>
      <object_component id="oc-12d">
         <name>.rodata.gI2C_MPU6050ClockConfig</name>
         <load_address>0x1815</load_address>
         <readonly>true</readonly>
         <run_address>0x1815</run_address>
         <size>0x2</size>
         <alignment>0x1</alignment>
         <input_file_ref idref="fl-2"/>
      </object_component>
      <object_component id="oc-148">
         <name>.rodata.gSPI_0_clockConfig</name>
         <load_address>0x1817</load_address>
         <readonly>true</readonly>
         <run_address>0x1817</run_address>
         <size>0x2</size>
         <alignment>0x1</alignment>
         <input_file_ref idref="fl-2"/>
      </object_component>
      <object_component id="oc-13a">
         <name>.rodata.gUART_0ClockConfig</name>
         <load_address>0x1819</load_address>
         <readonly>true</readonly>
         <run_address>0x1819</run_address>
         <size>0x2</size>
         <alignment>0x1</alignment>
         <input_file_ref idref="fl-2"/>
      </object_component>
      <object_component id="oc-13c">
         <name>.rodata.gUART_1ClockConfig</name>
         <load_address>0x181b</load_address>
         <readonly>true</readonly>
         <run_address>0x181b</run_address>
         <size>0x2</size>
         <alignment>0x1</alignment>
         <input_file_ref idref="fl-2"/>
      </object_component>
      <object_component id="oc-173">
         <name>.binit</name>
         <load_address>0x0</load_address>
         <readonly>true</readonly>
         <run_address>0x0</run_address>
         <size>0x0</size>
         <alignment>0x4</alignment>
      </object_component>
      <object_component id="oc-d7">
         <name>.data.led_test.last_time</name>
         <load_address>0x2020019c</load_address>
         <readwrite>true</readwrite>
         <run_address>0x2020019c</run_address>
         <size>0x4</size>
         <alignment>0x4</alignment>
         <input_file_ref idref="fl-1"/>
      </object_component>
      <object_component id="oc-d5">
         <name>.data.beeper_test.last_time</name>
         <load_address>0x2020018c</load_address>
         <readwrite>true</readwrite>
         <run_address>0x2020018c</run_address>
         <size>0x4</size>
         <alignment>0x4</alignment>
         <input_file_ref idref="fl-1"/>
      </object_component>
      <object_component id="oc-5d">
         <name>.data.gMillis</name>
         <load_address>0x20200194</load_address>
         <readwrite>true</readwrite>
         <run_address>0x20200194</run_address>
         <size>0x4</size>
         <alignment>0x4</alignment>
         <input_file_ref idref="fl-5"/>
      </object_component>
      <object_component id="oc-14e">
         <name>.data.key_pressed.last_raw_state</name>
         <load_address>0x20200181</load_address>
         <readwrite>true</readwrite>
         <run_address>0x20200181</run_address>
         <size>0x5</size>
         <alignment>0x1</alignment>
         <input_file_ref idref="fl-6"/>
      </object_component>
      <object_component id="oc-150">
         <name>.data.key_pressed.debounced_state</name>
         <load_address>0x2020017c</load_address>
         <readwrite>true</readwrite>
         <run_address>0x2020017c</run_address>
         <size>0x5</size>
         <alignment>0x1</alignment>
         <input_file_ref idref="fl-6"/>
      </object_component>
      <object_component id="oc-14f">
         <name>.data.key_pressed.last_time</name>
         <load_address>0x20200168</load_address>
         <readwrite>true</readwrite>
         <run_address>0x20200168</run_address>
         <size>0x14</size>
         <alignment>0x4</alignment>
         <input_file_ref idref="fl-6"/>
      </object_component>
      <object_component id="oc-151">
         <name>.data.key_pressed.reported_pressed</name>
         <load_address>0x20200186</load_address>
         <readwrite>true</readwrite>
         <run_address>0x20200186</run_address>
         <size>0x5</size>
         <alignment>0x1</alignment>
         <input_file_ref idref="fl-6"/>
      </object_component>
      <object_component id="oc-dd">
         <name>.data.gLedMode</name>
         <load_address>0x2020018b</load_address>
         <readwrite>true</readwrite>
         <run_address>0x2020018b</run_address>
         <size>0x1</size>
         <alignment>0x1</alignment>
         <input_file_ref idref="fl-6"/>
      </object_component>
      <object_component id="oc-de">
         <name>.data.gStartTime</name>
         <load_address>0x20200198</load_address>
         <readwrite>true</readwrite>
         <run_address>0x20200198</run_address>
         <size>0x4</size>
         <alignment>0x4</alignment>
         <input_file_ref idref="fl-6"/>
      </object_component>
      <object_component id="oc-df">
         <name>.data.gBlinkLastTime</name>
         <load_address>0x20200190</load_address>
         <readwrite>true</readwrite>
         <run_address>0x20200190</run_address>
         <size>0x4</size>
         <alignment>0x4</alignment>
         <input_file_ref idref="fl-6"/>
      </object_component>
      <object_component id="oc-c8">
         <name>.common:gPWM_servoBackup</name>
         <uninitialized>true</uninitialized>
         <readwrite>true</readwrite>
         <run_address>0x20200000</run_address>
         <size>0xa0</size>
         <alignment>0x4</alignment>
      </object_component>
      <object_component id="oc-c9">
         <name>.common:gTIMER_0Backup</name>
         <uninitialized>true</uninitialized>
         <readwrite>true</readwrite>
         <run_address>0x202000a0</run_address>
         <size>0xa0</size>
         <alignment>0x4</alignment>
      </object_component>
      <object_component id="oc-ca">
         <name>.common:gSPI_0Backup</name>
         <uninitialized>true</uninitialized>
         <readwrite>true</readwrite>
         <run_address>0x20200140</run_address>
         <size>0x28</size>
         <alignment>0x4</alignment>
      </object_component>
      <object_component id="oc-1a">
         <name>.stack</name>
         <uninitialized>true</uninitialized>
         <readwrite>true</readwrite>
         <run_address>0x20207e00</run_address>
         <size>0x4</size>
         <alignment>0x4</alignment>
         <input_file_ref idref="fl-30"/>
      </object_component>
      <object_component id="oc-1ae">
         <name>.stack</name>
         <uninitialized>true</uninitialized>
         <readwrite>true</readwrite>
         <run_address>0x20207e00</run_address>
         <size>0x0</size>
         <alignment>0x8</alignment>
      </object_component>
      <object_component id="oc-9a">
         <name>.debug_abbrev</name>
         <load_address>0x0</load_address>
         <run_address>0x0</run_address>
         <size>0x17e</size>
         <alignment>0x1</alignment>
         <input_file_ref idref="fl-1"/>
      </object_component>
      <object_component id="oc-cb">
         <name>.debug_abbrev</name>
         <load_address>0x17e</load_address>
         <run_address>0x17e</run_address>
         <size>0x221</size>
         <alignment>0x1</alignment>
         <input_file_ref idref="fl-2"/>
      </object_component>
      <object_component id="oc-3b">
         <name>.debug_abbrev</name>
         <load_address>0x39f</load_address>
         <run_address>0x39f</run_address>
         <size>0x6d</size>
         <alignment>0x1</alignment>
         <input_file_ref idref="fl-3"/>
      </object_component>
      <object_component id="oc-5e">
         <name>.debug_abbrev</name>
         <load_address>0x40c</load_address>
         <run_address>0x40c</run_address>
         <size>0x162</size>
         <alignment>0x1</alignment>
         <input_file_ref idref="fl-5"/>
      </object_component>
      <object_component id="oc-e0">
         <name>.debug_abbrev</name>
         <load_address>0x56e</load_address>
         <run_address>0x56e</run_address>
         <size>0x16d</size>
         <alignment>0x1</alignment>
         <input_file_ref idref="fl-6"/>
      </object_component>
      <object_component id="oc-14b">
         <name>.debug_abbrev</name>
         <load_address>0x6db</load_address>
         <run_address>0x6db</run_address>
         <size>0x62</size>
         <alignment>0x1</alignment>
         <input_file_ref idref="fl-15"/>
      </object_component>
      <object_component id="oc-163">
         <name>.debug_abbrev</name>
         <load_address>0x73d</load_address>
         <run_address>0x73d</run_address>
         <size>0x1e7</size>
         <alignment>0x1</alignment>
         <input_file_ref idref="fl-16"/>
      </object_component>
      <object_component id="oc-167">
         <name>.debug_abbrev</name>
         <load_address>0x924</load_address>
         <run_address>0x924</run_address>
         <size>0x277</size>
         <alignment>0x1</alignment>
         <input_file_ref idref="fl-17"/>
      </object_component>
      <object_component id="oc-161">
         <name>.debug_abbrev</name>
         <load_address>0xb9b</load_address>
         <run_address>0xb9b</run_address>
         <size>0x2a4</size>
         <alignment>0x1</alignment>
         <input_file_ref idref="fl-18"/>
      </object_component>
      <object_component id="oc-165">
         <name>.debug_abbrev</name>
         <load_address>0xe3f</load_address>
         <run_address>0xe3f</run_address>
         <size>0x29b</size>
         <alignment>0x1</alignment>
         <input_file_ref idref="fl-19"/>
      </object_component>
      <object_component id="oc-3d">
         <name>.debug_abbrev</name>
         <load_address>0x10da</load_address>
         <run_address>0x10da</run_address>
         <size>0xaf</size>
         <alignment>0x1</alignment>
         <input_file_ref idref="fl-30"/>
      </object_component>
      <object_component id="oc-ec">
         <name>.debug_abbrev</name>
         <load_address>0x1189</load_address>
         <run_address>0x1189</run_address>
         <size>0x170</size>
         <alignment>0x1</alignment>
         <input_file_ref idref="fl-32"/>
      </object_component>
      <object_component id="oc-88">
         <name>.debug_abbrev</name>
         <load_address>0x12f9</load_address>
         <run_address>0x12f9</run_address>
         <size>0x39</size>
         <alignment>0x1</alignment>
         <input_file_ref idref="fl-33"/>
      </object_component>
      <object_component id="oc-66">
         <name>.debug_abbrev</name>
         <load_address>0x1332</load_address>
         <run_address>0x1332</run_address>
         <size>0xc2</size>
         <alignment>0x1</alignment>
         <input_file_ref idref="fl-35"/>
      </object_component>
      <object_component id="oc-4a">
         <name>.debug_abbrev</name>
         <load_address>0x13f4</load_address>
         <run_address>0x13f4</run_address>
         <size>0x70</size>
         <alignment>0x1</alignment>
         <input_file_ref idref="fl-36"/>
      </object_component>
      <object_component id="oc-42">
         <name>.debug_abbrev</name>
         <load_address>0x1464</load_address>
         <run_address>0x1464</run_address>
         <size>0x8d</size>
         <alignment>0x1</alignment>
         <input_file_ref idref="fl-37"/>
      </object_component>
      <object_component id="oc-e6">
         <name>.debug_abbrev</name>
         <load_address>0x14f1</load_address>
         <run_address>0x14f1</run_address>
         <size>0x98</size>
         <alignment>0x1</alignment>
         <input_file_ref idref="fl-38"/>
      </object_component>
      <object_component id="oc-155">
         <name>.debug_abbrev</name>
         <load_address>0x1589</load_address>
         <run_address>0x1589</run_address>
         <size>0x2c</size>
         <alignment>0x1</alignment>
         <input_file_ref idref="fl-da"/>
      </object_component>
      <object_component id="oc-65">
         <name>.debug_abbrev</name>
         <load_address>0x15b5</load_address>
         <run_address>0x15b5</run_address>
         <size>0x27</size>
         <alignment>0x1</alignment>
         <input_file_ref idref="fl-db"/>
      </object_component>
      <object_component id="oc-b5">
         <name>.debug_abbrev</name>
         <load_address>0x15dc</load_address>
         <run_address>0x15dc</run_address>
         <size>0x25</size>
         <alignment>0x1</alignment>
         <input_file_ref idref="fl-df"/>
      </object_component>
      <object_component id="oc-1b0">
         <name>.debug_abbrev</name>
         <load_address>0x1601</load_address>
         <run_address>0x1601</run_address>
         <size>0xf</size>
         <alignment>0x0</alignment>
      </object_component>
      <object_component id="oc-73">
         <name>.debug_info</name>
         <load_address>0x0</load_address>
         <run_address>0x0</run_address>
         <size>0x164e</size>
         <alignment>0x1</alignment>
         <input_file_ref idref="fl-1"/>
      </object_component>
      <object_component id="oc-8c">
         <name>.debug_info</name>
         <load_address>0x164e</load_address>
         <run_address>0x164e</run_address>
         <size>0x40ca</size>
         <alignment>0x1</alignment>
         <input_file_ref idref="fl-2"/>
      </object_component>
      <object_component id="oc-19">
         <name>.debug_info</name>
         <load_address>0x5718</load_address>
         <run_address>0x5718</run_address>
         <size>0x80</size>
         <alignment>0x1</alignment>
         <input_file_ref idref="fl-3"/>
      </object_component>
      <object_component id="oc-36">
         <name>.debug_info</name>
         <load_address>0x5798</load_address>
         <run_address>0x5798</run_address>
         <size>0xcff</size>
         <alignment>0x1</alignment>
         <input_file_ref idref="fl-5"/>
      </object_component>
      <object_component id="oc-99">
         <name>.debug_info</name>
         <load_address>0x6497</load_address>
         <run_address>0x6497</run_address>
         <size>0x9ea</size>
         <alignment>0x1</alignment>
         <input_file_ref idref="fl-6"/>
      </object_component>
      <object_component id="oc-d4">
         <name>.debug_info</name>
         <load_address>0x6e81</load_address>
         <run_address>0x6e81</run_address>
         <size>0x75</size>
         <alignment>0x1</alignment>
         <input_file_ref idref="fl-15"/>
      </object_component>
      <object_component id="oc-128">
         <name>.debug_info</name>
         <load_address>0x6ef6</load_address>
         <run_address>0x6ef6</run_address>
         <size>0xcd0</size>
         <alignment>0x1</alignment>
         <input_file_ref idref="fl-16"/>
      </object_component>
      <object_component id="oc-143">
         <name>.debug_info</name>
         <load_address>0x7bc6</load_address>
         <run_address>0x7bc6</run_address>
         <size>0x118a</size>
         <alignment>0x1</alignment>
         <input_file_ref idref="fl-17"/>
      </object_component>
      <object_component id="oc-112">
         <name>.debug_info</name>
         <load_address>0x8d50</load_address>
         <run_address>0x8d50</run_address>
         <size>0x3344</size>
         <alignment>0x1</alignment>
         <input_file_ref idref="fl-18"/>
      </object_component>
      <object_component id="oc-130">
         <name>.debug_info</name>
         <load_address>0xc094</load_address>
         <run_address>0xc094</run_address>
         <size>0x12cf</size>
         <alignment>0x1</alignment>
         <input_file_ref idref="fl-19"/>
      </object_component>
      <object_component id="oc-1b">
         <name>.debug_info</name>
         <load_address>0xd363</load_address>
         <run_address>0xd363</run_address>
         <size>0x423</size>
         <alignment>0x1</alignment>
         <input_file_ref idref="fl-30"/>
      </object_component>
      <object_component id="oc-a8">
         <name>.debug_info</name>
         <load_address>0xd786</load_address>
         <run_address>0xd786</run_address>
         <size>0x744</size>
         <alignment>0x1</alignment>
         <input_file_ref idref="fl-32"/>
      </object_component>
      <object_component id="oc-6f">
         <name>.debug_info</name>
         <load_address>0xdeca</load_address>
         <run_address>0xdeca</run_address>
         <size>0x46</size>
         <alignment>0x1</alignment>
         <input_file_ref idref="fl-33"/>
      </object_component>
      <object_component id="oc-51">
         <name>.debug_info</name>
         <load_address>0xdf10</load_address>
         <run_address>0xdf10</run_address>
         <size>0x192</size>
         <alignment>0x1</alignment>
         <input_file_ref idref="fl-35"/>
      </object_component>
      <object_component id="oc-21">
         <name>.debug_info</name>
         <load_address>0xe0a2</load_address>
         <run_address>0xe0a2</run_address>
         <size>0xc6</size>
         <alignment>0x1</alignment>
         <input_file_ref idref="fl-36"/>
      </object_component>
      <object_component id="oc-1e">
         <name>.debug_info</name>
         <load_address>0xe168</load_address>
         <run_address>0xe168</run_address>
         <size>0x17c</size>
         <alignment>0x1</alignment>
         <input_file_ref idref="fl-37"/>
      </object_component>
      <object_component id="oc-9f">
         <name>.debug_info</name>
         <load_address>0xe2e4</load_address>
         <run_address>0xe2e4</run_address>
         <size>0xf8</size>
         <alignment>0x1</alignment>
         <input_file_ref idref="fl-38"/>
      </object_component>
      <object_component id="oc-e3">
         <name>.debug_info</name>
         <load_address>0xe3dc</load_address>
         <run_address>0xe3dc</run_address>
         <size>0x3b</size>
         <alignment>0x1</alignment>
         <input_file_ref idref="fl-da"/>
      </object_component>
      <object_component id="oc-47">
         <name>.debug_info</name>
         <load_address>0xe417</load_address>
         <run_address>0xe417</run_address>
         <size>0x18b</size>
         <alignment>0x1</alignment>
         <input_file_ref idref="fl-db"/>
      </object_component>
      <object_component id="oc-83">
         <name>.debug_info</name>
         <load_address>0xe5a2</load_address>
         <run_address>0xe5a2</run_address>
         <size>0x2f3</size>
         <alignment>0x1</alignment>
         <input_file_ref idref="fl-df"/>
      </object_component>
      <object_component id="oc-1af">
         <name>.debug_info</name>
         <load_address>0xe895</load_address>
         <run_address>0xe895</run_address>
         <size>0x99</size>
         <alignment>0x0</alignment>
      </object_component>
      <object_component id="oc-74">
         <name>.debug_ranges</name>
         <load_address>0x0</load_address>
         <run_address>0x0</run_address>
         <size>0x68</size>
         <alignment>0x1</alignment>
         <input_file_ref idref="fl-1"/>
      </object_component>
      <object_component id="oc-8b">
         <name>.debug_ranges</name>
         <load_address>0x68</load_address>
         <run_address>0x68</run_address>
         <size>0x1e8</size>
         <alignment>0x1</alignment>
         <input_file_ref idref="fl-2"/>
      </object_component>
      <object_component id="oc-30">
         <name>.debug_ranges</name>
         <load_address>0x250</load_address>
         <run_address>0x250</run_address>
         <size>0x18</size>
         <alignment>0x1</alignment>
         <input_file_ref idref="fl-3"/>
      </object_component>
      <object_component id="oc-38">
         <name>.debug_ranges</name>
         <load_address>0x268</load_address>
         <run_address>0x268</run_address>
         <size>0x48</size>
         <alignment>0x1</alignment>
         <input_file_ref idref="fl-5"/>
      </object_component>
      <object_component id="oc-98">
         <name>.debug_ranges</name>
         <load_address>0x2b0</load_address>
         <run_address>0x2b0</run_address>
         <size>0x50</size>
         <alignment>0x1</alignment>
         <input_file_ref idref="fl-6"/>
      </object_component>
      <object_component id="oc-127">
         <name>.debug_ranges</name>
         <load_address>0x300</load_address>
         <run_address>0x300</run_address>
         <size>0x1f8</size>
         <alignment>0x1</alignment>
         <input_file_ref idref="fl-16"/>
      </object_component>
      <object_component id="oc-142">
         <name>.debug_ranges</name>
         <load_address>0x4f8</load_address>
         <run_address>0x4f8</run_address>
         <size>0x3f0</size>
         <alignment>0x1</alignment>
         <input_file_ref idref="fl-17"/>
      </object_component>
      <object_component id="oc-113">
         <name>.debug_ranges</name>
         <load_address>0x8e8</load_address>
         <run_address>0x8e8</run_address>
         <size>0x208</size>
         <alignment>0x1</alignment>
         <input_file_ref idref="fl-18"/>
      </object_component>
      <object_component id="oc-133">
         <name>.debug_ranges</name>
         <load_address>0xaf0</load_address>
         <run_address>0xaf0</run_address>
         <size>0x1c8</size>
         <alignment>0x1</alignment>
         <input_file_ref idref="fl-19"/>
      </object_component>
      <object_component id="oc-40">
         <name>.debug_ranges</name>
         <load_address>0xcb8</load_address>
         <run_address>0xcb8</run_address>
         <size>0x48</size>
         <alignment>0x1</alignment>
         <input_file_ref idref="fl-30"/>
      </object_component>
      <object_component id="oc-a6">
         <name>.debug_ranges</name>
         <load_address>0xd00</load_address>
         <run_address>0xd00</run_address>
         <size>0x48</size>
         <alignment>0x1</alignment>
         <input_file_ref idref="fl-32"/>
      </object_component>
      <object_component id="oc-4f">
         <name>.debug_ranges</name>
         <load_address>0xd48</load_address>
         <run_address>0xd48</run_address>
         <size>0x18</size>
         <alignment>0x1</alignment>
         <input_file_ref idref="fl-35"/>
      </object_component>
      <object_component id="oc-45">
         <name>.debug_ranges</name>
         <load_address>0xd60</load_address>
         <run_address>0xd60</run_address>
         <size>0x50</size>
         <alignment>0x1</alignment>
         <input_file_ref idref="fl-37"/>
      </object_component>
      <object_component id="oc-9d">
         <name>.debug_ranges</name>
         <load_address>0xdb0</load_address>
         <run_address>0xdb0</run_address>
         <size>0x18</size>
         <alignment>0x1</alignment>
         <input_file_ref idref="fl-38"/>
      </object_component>
      <object_component id="oc-82">
         <name>.debug_ranges</name>
         <load_address>0xdc8</load_address>
         <run_address>0xdc8</run_address>
         <size>0x28</size>
         <alignment>0x1</alignment>
         <input_file_ref idref="fl-df"/>
      </object_component>
      <object_component id="oc-9b">
         <name>.debug_str</name>
         <load_address>0x0</load_address>
         <run_address>0x0</run_address>
         <size>0xa84</size>
         <alignment>0x1</alignment>
         <input_file_ref idref="fl-1"/>
      </object_component>
      <object_component id="oc-cc">
         <name>.debug_str</name>
         <load_address>0xa84</load_address>
         <run_address>0xa84</run_address>
         <size>0x342c</size>
         <alignment>0x1</alignment>
         <input_file_ref idref="fl-2"/>
      </object_component>
      <object_component id="oc-3c">
         <name>.debug_str</name>
         <load_address>0x3eb0</load_address>
         <run_address>0x3eb0</run_address>
         <size>0x150</size>
         <alignment>0x1</alignment>
         <input_file_ref idref="fl-3"/>
      </object_component>
      <object_component id="oc-5f">
         <name>.debug_str</name>
         <load_address>0x4000</load_address>
         <run_address>0x4000</run_address>
         <size>0x7d7</size>
         <alignment>0x1</alignment>
         <input_file_ref idref="fl-5"/>
      </object_component>
      <object_component id="oc-e1">
         <name>.debug_str</name>
         <load_address>0x47d7</load_address>
         <run_address>0x47d7</run_address>
         <size>0x591</size>
         <alignment>0x1</alignment>
         <input_file_ref idref="fl-6"/>
      </object_component>
      <object_component id="oc-14c">
         <name>.debug_str</name>
         <load_address>0x4d68</load_address>
         <run_address>0x4d68</run_address>
         <size>0x16d</size>
         <alignment>0x1</alignment>
         <input_file_ref idref="fl-15"/>
      </object_component>
      <object_component id="oc-164">
         <name>.debug_str</name>
         <load_address>0x4ed5</load_address>
         <run_address>0x4ed5</run_address>
         <size>0x8af</size>
[...]
               <logical_group_ref idref="lg-5"/>
            </allocated_space>
            <available_space>
               <start_address>0x1850</start_address>
               <size>0x1e7b0</size>
            </available_space>
         </usage_details>
      </memory_area>
      <memory_area display="yes" color="green">
         <name>SRAM</name>
         <page_id>0x0</page_id>
         <origin>0x20200000</origin>
         <length>0x8000</length>
         <used_space>0x3a0</used_space>
         <unused_space>0x7c60</unused_space>
         <attributes>RWX</attributes>
         <usage_details>
            <allocated_space>
               <start_address>0x20200000</start_address>
               <size>0x0</size>
               <logical_group_ref idref="lg-16f"/>
            </allocated_space>
            <allocated_space>
               <start_address>0x20200000</start_address>
               <size>0x0</size>
               <logical_group_ref idref="lg-171"/>
            </allocated_space>
            <allocated_space>
               <start_address>0x20200000</start_address>
               <size>0x168</size>
               <logical_group_ref idref="lg-f"/>
            </allocated_space>
            <allocated_space>
               <start_address>0x20200168</start_address>
               <size>0x38</size>
               <logical_group_ref idref="lg-e"/>
            </allocated_space>
            <available_space>
               <start_address>0x202001a0</start_address>
               <size>0x7c60</size>
            </available_space>
            <allocated_space>
               <start_address>0x20207e00</start_address>
               <size>0x200</size>
               <logical_group_ref idref="lg-11"/>
            </allocated_space>
         </usage_details>
      </memory_area>
      <memory_area display="yes" color="green">
         <name>BCR_CONFIG</name>
         <page_id>0x0</page_id>
         <origin>0x41c00000</origin>
         <length>0xff</length>
         <used_space>0x0</used_space>
         <unused_space>0xff</unused_space>
         <attributes>R</attributes>
         <usage_details>
         </usage_details>
      </memory_area>
      <memory_area display="yes" color="green">
         <name>BSL_CONFIG</name>
         <page_id>0x0</page_id>
         <origin>0x41c00100</origin>
         <length>0x80</length>
         <used_space>0x0</used_space>
         <unused_space>0x80</unused_space>
         <attributes>R</attributes>
         <usage_details>
         </usage_details>
      </memory_area>
   </placement_map>
   <cptbl_list>
      <cptbl>
         <name>__TI_cinit_table</name>
         <cprec>
            <name>.bss</name>
            <load_address>0x182c</load_address>
            <load_size>0x8</load_size>
            <run_address>0x20200000</run_address>
            <run_size>0x168</run_size>
            <compression>zero_init</compression>
         </cprec>
         <cprec>
            <name>.data</name>
            <load_address>0x1834</load_address>
            <load_size>0x8</load_size>
            <run_address>0x20200168</run_address>
            <run_size>0x38</run_size>
            <compression>lzss</compression>
         </cprec>
      </cptbl>
   </cptbl_list>
   <handler_table>
      <handler_table_name>__TI_handler_table</handler_table_name>
      <handler>
         <index>0x0</index>
         <name>__TI_decompress_lzss</name>
      </handler>
      <handler>
         <index>0x1</index>
         <name>__TI_decompress_none</name>
      </handler>
      <handler>
         <index>0x2</index>
         <name>__TI_zero_init</name>
      </handler>
   </handler_table>
   <symbol_table>
      <symbol id="sm-1">
         <name>__start___llvm_prf_cnts</name>
         <value>0x20200000</value>
      </symbol>
      <symbol id="sm-2">
         <name>__stop___llvm_prf_cnts</name>
         <value>0x20200000</value>
      </symbol>
      <symbol id="sm-3">
         <name>__start___llvm_prf_bits</name>
         <value>0x20200000</value>
      </symbol>
      <symbol id="sm-4">
         <name>__stop___llvm_prf_bits</name>
         <value>0x20200000</value>
      </symbol>
      <symbol id="sm-5">
         <name>__TI_CINIT_Base</name>
         <value>0x183c</value>
      </symbol>
      <symbol id="sm-6">
         <name>__TI_CINIT_Limit</name>
         <value>0x184c</value>
      </symbol>
      <symbol id="sm-7">
         <name>__TI_CINIT_Warm</name>
         <value>0x184c</value>
      </symbol>
      <symbol id="sm-8">
         <name>__TI_Handler_Table_Base</name>
         <value>0x1820</value>
      </symbol>
      <symbol id="sm-9">
         <name>__TI_Handler_Table_Limit</name>
         <value>0x182c</value>
      </symbol>
      <symbol id="sm-a">
         <name>binit</name>
         <value>0xffffffff</value>
      </symbol>
      <symbol id="sm-b">
         <name>__binit__</name>
         <value>0xffffffff</value>
      </symbol>
      <symbol id="sm-c">
         <name>__STACK_SIZE</name>
         <value>0x200</value>
      </symbol>
      <symbol id="sm-d">
         <name>__STACK_END</name>
         <value>0x20208000</value>
      </symbol>
      <symbol id="sm-e">
         <name>__TI_pprof_out_hndl</name>
         <value>0xffffffff</value>
      </symbol>
      <symbol id="sm-f">
         <name>__TI_prof_data_start</name>
         <value>0xffffffff</value>
      </symbol>
      <symbol id="sm-10">
         <name>__TI_prof_data_size</name>
         <value>0xffffffff</value>
      </symbol>
      <symbol id="sm-63">
         <name>patrol_test</name>
         <value>0x899</value>
         <object_component_ref idref="oc-92"/>
      </symbol>
      <symbol id="sm-64">
         <name>led_test</name>
         <value>0xe7d</value>
         <object_component_ref idref="oc-94"/>
      </symbol>
      <symbol id="sm-65">
         <name>beeper_test</name>
         <value>0xb31</value>
         <object_component_ref idref="oc-93"/>
      </symbol>
      <symbol id="sm-66">
         <name>main</name>
         <value>0xf41</value>
         <object_component_ref idref="oc-71"/>
      </symbol>
      <symbol id="sm-15b">
         <name>SYSCFG_DL_init</name>
         <value>0xb89</value>
         <object_component_ref idref="oc-8a"/>
      </symbol>
      <symbol id="sm-15c">
         <name>SYSCFG_DL_initPower</name>
         <value>0x7d5</value>
         <object_component_ref idref="oc-bc"/>
      </symbol>
      <symbol id="sm-15d">
         <name>SYSCFG_DL_GPIO_init</name>
         <value>0xc1</value>
         <object_component_ref idref="oc-bd"/>
      </symbol>
      <symbol id="sm-15e">
         <name>SYSCFG_DL_SYSCTL_init</name>
         <value>0x1243</value>
         <object_component_ref idref="oc-be"/>
      </symbol>
      <symbol id="sm-15f">
         <name>SYSCFG_DL_PWM_motor_init</name>
         <value>0x939</value>
         <object_component_ref idref="oc-bf"/>
      </symbol>
      <symbol id="sm-160">
         <name>SYSCFG_DL_PWM_servo_init</name>
         <value>0xac9</value>
         <object_component_ref idref="oc-c0"/>
      </symbol>
      <symbol id="sm-161">
         <name>SYSCFG_DL_TIMER_0_init</name>
         <value>0x1031</value>
         <object_component_ref idref="oc-c1"/>
      </symbol>
      <symbol id="sm-162">
         <name>SYSCFG_DL_I2C_MPU6050_init</name>
         <value>0x10c1</value>
         <object_component_ref idref="oc-c2"/>
      </symbol>
      <symbol id="sm-163">
         <name>SYSCFG_DL_I2C_0_init</name>
         <value>0x1095</value>
         <object_component_ref idref="oc-c3"/>
      </symbol>
      <symbol id="sm-164">
         <name>SYSCFG_DL_UART_0_init</name>
         <value>0xda9</value>
         <object_component_ref idref="oc-c4"/>
      </symbol>
      <symbol id="sm-165">
         <name>SYSCFG_DL_UART_1_init</name>
         <value>0xf01</value>
         <object_component_ref idref="oc-c5"/>
      </symbol>
      <symbol id="sm-166">
         <name>SYSCFG_DL_SPI_0_init</name>
         <value>0xec1</value>
         <object_component_ref idref="oc-c6"/>
      </symbol>
      <symbol id="sm-167">
         <name>SYSCFG_DL_SYSTICK_init</name>
         <value>0x1785</value>
         <object_component_ref idref="oc-c7"/>
      </symbol>
      <symbol id="sm-168">
         <name>gPWM_servoBackup</name>
         <value>0x20200000</value>
      </symbol>
      <symbol id="sm-169">
         <name>gTIMER_0Backup</name>
         <value>0x202000a0</value>
      </symbol>
      <symbol id="sm-16a">
         <name>gSPI_0Backup</name>
         <value>0x20200140</value>
      </symbol>
      <symbol id="sm-175">
         <name>Default_Handler</name>
         <value>0x17b7</value>
         <object_component_ref idref="oc-33"/>
      </symbol>
      <symbol id="sm-176">
         <name>Reset_Handler</name>
         <value>0x17bf</value>
         <object_component_ref idref="oc-2f"/>
      </symbol>
      <symbol id="sm-177">
         <name>interruptVectors</name>
         <value>0x0</value>
         <object_component_ref idref="oc-18"/>
      </symbol>
      <symbol id="sm-178">
         <name>NMI_Handler</name>
         <value>0x17b7</value>
         <object_component_ref idref="oc-33"/>
      </symbol>
      <symbol id="sm-179">
         <name>HardFault_Handler</name>
         <value>0x17b7</value>
         <object_component_ref idref="oc-33"/>
      </symbol>
      <symbol id="sm-17a">
         <name>SVC_Handler</name>
         <value>0x17b7</value>
         <object_component_ref idref="oc-33"/>
      </symbol>
      <symbol id="sm-17b">
         <name>PendSV_Handler</name>
         <value>0x17b7</value>
         <object_component_ref idref="oc-33"/>
      </symbol>
      <symbol id="sm-17c">
         <name>GROUP0_IRQHandler</name>
         <value>0x17b7</value>
         <object_component_ref idref="oc-33"/>
      </symbol>
      <symbol id="sm-17d">
         <name>GROUP1_IRQHandler</name>
         <value>0x17b7</value>
         <object_component_ref idref="oc-33"/>
      </symbol>
      <symbol id="sm-17e">
         <name>TIMG8_IRQHandler</name>
         <value>0x17b7</value>
         <object_component_ref idref="oc-33"/>
      </symbol>
      <symbol id="sm-17f">
         <name>UART3_IRQHandler</name>
         <value>0x17b7</value>
         <object_component_ref idref="oc-33"/>
      </symbol>
      <symbol id="sm-180">
         <name>ADC0_IRQHandler</name>
         <value>0x17b7</value>
         <object_component_ref idref="oc-33"/>
      </symbol>
      <symbol id="sm-181">
         <name>ADC1_IRQHandler</name>
         <value>0x17b7</value>
         <object_component_ref idref="oc-33"/>
      </symbol>
      <symbol id="sm-182">
         <name>CANFD0_IRQHandler</name>
         <value>0x17b7</value>
         <object_component_ref idref="oc-33"/>
      </symbol>
      <symbol id="sm-183">
         <name>DAC0_IRQHandler</name>
         <value>0x17b7</value>
         <object_component_ref idref="oc-33"/>
      </symbol>
      <symbol id="sm-184">
         <name>SPI0_IRQHandler</name>
         <value>0x17b7</value>
         <object_component_ref idref="oc-33"/>
      </symbol>
      <symbol id="sm-185">
         <name>SPI1_IRQHandler</name>
         <value>0x17b7</value>
         <object_component_ref idref="oc-33"/>
      </symbol>
      <symbol id="sm-186">
         <name>UART1_IRQHandler</name>
         <value>0x17b7</value>
         <object_component_ref idref="oc-33"/>
      </symbol>
      <symbol id="sm-187">
         <name>UART2_IRQHandler</name>
         <value>0x17b7</value>
         <object_component_ref idref="oc-33"/>
      </symbol>
      <symbol id="sm-188">
         <name>TIMG0_IRQHandler</name>
         <value>0x17b7</value>
         <object_component_ref idref="oc-33"/>
      </symbol>
      <symbol id="sm-189">
         <name>TIMA0_IRQHandler</name>
         <value>0x17b7</value>
         <object_component_ref idref="oc-33"/>
      </symbol>
      <symbol id="sm-18a">
         <name>TIMA1_IRQHandler</name>
         <value>0x17b7</value>
         <object_component_ref idref="oc-33"/>
      </symbol>
      <symbol id="sm-18b">
         <name>TIMG7_IRQHandler</name>
         <value>0x17b7</value>
         <object_component_ref idref="oc-33"/>
      </symbol>
      <symbol id="sm-18c">
         <name>TIMG12_IRQHandler</name>
         <value>0x17b7</value>
         <object_component_ref idref="oc-33"/>
      </symbol>
      <symbol id="sm-18d">
         <name>I2C0_IRQHandler</name>
         <value>0x17b7</value>
         <object_component_ref idref="oc-33"/>
      </symbol>
      <symbol id="sm-18e">
         <name>I2C1_IRQHandler</name>
         <value>0x17b7</value>
         <object_component_ref idref="oc-33"/>
      </symbol>
      <symbol id="sm-18f">
         <name>AES_IRQHandler</name>
         <value>0x17b7</value>
         <object_component_ref idref="oc-33"/>
      </symbol>
      <symbol id="sm-190">
         <name>RTC_IRQHandler</name>
         <value>0x17b7</value>
         <object_component_ref idref="oc-33"/>
      </symbol>
      <symbol id="sm-191">
         <name>DMA_IRQHandler</name>
         <value>0x17b7</value>
         <object_component_ref idref="oc-33"/>
      </symbol>
      <symbol id="sm-1b2">
         <name>TIMG6_IRQHandler</name>
         <value>0x166b</value>
         <object_component_ref idref="oc-3a"/>
      </symbol>
      <symbol id="sm-1b3">
         <name>SysTick_Handler</name>
         <value>0x1775</value>
         <object_component_ref idref="oc-34"/>
      </symbol>
      <symbol id="sm-1b4">
         <name>gMillis</name>
         <value>0x20200194</value>
         <object_component_ref idref="oc-5d"/>
      </symbol>
      <symbol id="sm-1b5">
         <name>millis</name>
         <value>0x1791</value>
         <object_component_ref idref="oc-d0"/>
      </symbol>
      <symbol id="sm-1b6">
         <name>UART0_IRQHandler</name>
         <value>0xdf1</value>
         <object_component_ref idref="oc-39"/>
      </symbol>
      <symbol id="sm-1eb">
         <name>key_pressed</name>
         <value>0x349</value>
         <object_component_ref idref="oc-d8"/>
      </symbol>
      <symbol id="sm-1ec">
         <name>key_test</name>
         <value>0x4b9</value>
         <object_component_ref idref="oc-95"/>
      </symbol>
      <symbol id="sm-1ee">
         <name>__TI_ATRegion0_src_addr</name>
         <value>0x0</value>
      </symbol>
      <symbol id="sm-1ef">
         <name>__TI_ATRegion0_trg_addr</name>
         <value>0x0</value>
      </symbol>
      <symbol id="sm-1f0">
         <name>__TI_ATRegion0_region_sz</name>
         <value>0x0</value>
      </symbol>
      <symbol id="sm-1f1">
         <name>__TI_ATRegion1_src_addr</name>
         <value>0x0</value>
      </symbol>
      <symbol id="sm-1f2">
         <name>__TI_ATRegion1_trg_addr</name>
         <value>0x0</value>
      </symbol>
      <symbol id="sm-1f3">
         <name>__TI_ATRegion1_region_sz</name>
         <value>0x0</value>
      </symbol>
      <symbol id="sm-1f4">
         <name>__TI_ATRegion2_src_addr</name>
         <value>0x0</value>
      </symbol>
      <symbol id="sm-1f5">
         <name>__TI_ATRegion2_trg_addr</name>
         <value>0x0</value>
      </symbol>
      <symbol id="sm-1f6">
         <name>__TI_ATRegion2_region_sz</name>
         <value>0x0</value>
      </symbol>
      <symbol id="sm-1ff">
         <name>DL_Common_delayCycles</name>
         <value>0x179d</value>
         <object_component_ref idref="oc-d1"/>
      </symbol>
      <symbol id="sm-209">
         <name>DL_I2C_setClockConfig</name>
         <value>0x11bb</value>
         <object_component_ref idref="oc-125"/>
      </symbol>
      <symbol id="sm-216">
         <name>DL_SPI_init</name>
         <value>0xe39</value>
         <object_component_ref idref="oc-144"/>
      </symbol>
      <symbol id="sm-217">
         <name>DL_SPI_setClockConfig</name>
         <value>0x16f9</value>
         <object_component_ref idref="oc-13e"/>
      </symbol>
      <symbol id="sm-233">
         <name>DL_Timer_setClockConfig</name>
         <value>0x1379</value>
         <object_component_ref idref="oc-110"/>
      </symbol>
      <symbol id="sm-234">
         <name>DL_Timer_initTimerMode</name>
         <value>0x6d9</value>
         <object_component_ref idref="oc-121"/>
      </symbol>
      <symbol id="sm-235">
         <name>DL_Timer_setCaptureCompareValue</name>
         <value>0x1765</value>
         <object_component_ref idref="oc-11a"/>
      </symbol>
      <symbol id="sm-236">
         <name>DL_Timer_setCaptCompUpdateMethod</name>
         <value>0x135d</value>
         <object_component_ref idref="oc-119"/>
      </symbol>
      <symbol id="sm-237">
         <name>DL_Timer_setCaptureCompareOutCtl</name>
         <value>0x1561</value>
         <object_component_ref idref="oc-118"/>
      </symbol>
      <symbol id="sm-238">
         <name>DL_Timer_initFourCCPWMMode</name>
         <value>0x5d5</value>
         <object_component_ref idref="oc-116"/>
      </symbol>
      <symbol id="sm-245">
         <name>DL_UART_init</name>
         <value>0xd61</value>
         <object_component_ref idref="oc-135"/>
      </symbol>
      <symbol id="sm-246">
         <name>DL_UART_setClockConfig</name>
         <value>0x171d</value>
         <object_component_ref idref="oc-12f"/>
      </symbol>
      <symbol id="sm-251">
         <name>_c_int00_noargs</name>
         <value>0x116d</value>
         <object_component_ref idref="oc-56"/>
      </symbol>
      <symbol id="sm-252">
         <name>__stack</name>
         <value>0x20207e00</value>
         <object_component_ref idref="oc-1a"/>
      </symbol>
      <symbol id="sm-25e">
         <name>__TI_auto_init_nobinit_nopinit</name>
         <value>0xfbd</value>
         <object_component_ref idref="oc-a3"/>
      </symbol>
      <symbol id="sm-266">
         <name>_system_pre_init</name>
         <value>0x17c3</value>
         <object_component_ref idref="oc-6d"/>
      </symbol>
      <symbol id="sm-271">
         <name>__TI_zero_init_nomemset</name>
         <value>0x1619</value>
         <object_component_ref idref="oc-4d"/>
      </symbol>
      <symbol id="sm-27a">
         <name>__TI_decompress_none</name>
         <value>0x1741</value>
         <object_component_ref idref="oc-20"/>
      </symbol>
      <symbol id="sm-285">
         <name>__TI_decompress_lzss</name>
         <value>0xa4d</value>
         <object_component_ref idref="oc-1c"/>
      </symbol>
      <symbol id="sm-28f">
         <name>abort</name>
         <value>0x17b1</value>
         <object_component_ref idref="oc-9c"/>
      </symbol>
      <symbol id="sm-299">
         <name>HOSTexit</name>
         <value>0x17bb</value>
         <object_component_ref idref="oc-e2"/>
      </symbol>
      <symbol id="sm-29a">
         <name>C$$EXIT</name>
         <value>0x17ba</value>
         <object_component_ref idref="oc-e2"/>
      </symbol>
      <symbol id="sm-2a0">
         <name>__aeabi_memcpy</name>
         <value>0x17a9</value>
         <object_component_ref idref="oc-46"/>
      </symbol>
      <symbol id="sm-2a1">
         <name>__aeabi_memcpy4</name>
         <value>0x17a9</value>
         <object_component_ref idref="oc-46"/>
      </symbol>
      <symbol id="sm-2a2">
         <name>__aeabi_memcpy8</name>
         <value>0x17a9</value>
         <object_component_ref idref="oc-46"/>
      </symbol>
      <symbol id="sm-2ac">
         <name>TI_memcpy_small</name>
         <value>0x172f</value>
         <object_component_ref idref="oc-80"/>
      </symbol>
      <symbol id="sm-2ad">
         <name>__TI_static_base__</name>
         <value>0x0</value>
      </symbol>
      <symbol id="sm-2b0">
         <name>__mpu_init</name>
         <value>0x0</value>
      </symbol>
      <symbol id="sm-2b1">
         <name>_system_post_cinit</name>
         <value>0x0</value>
      </symbol>
   </symbol_table>
   <title>Link successful</title>
</link_info>
